{"identidad_confirmada": true,
 "pruebas_identidad": [
  {"url": "https://soundcloud.com/losgabbagabbaheys",
   "cita": "Los Gabba Gabba Heys! — Cabimas, edo. Zulia, Bolivarian Republic of Venezuela — Tributo a la mejor banda de punk de la historia de la música: RAMONES — Track: Psycho Therapy ... # Ramones"},
  {"url": "https://html.duckduckgo.com/html/?q=%22Los+Gabba+Gabba+Heys%22+band",
   "cita": "Los Gabba Gabba Heys. 141 likes. Tributo a la mas grande banda de punk de todos los tiempos: Ramones."},
  {"url": "https://html.duckduckgo.com/html/?q=%22Gabba+Gabba+Heys%22+Cabimas+Ramones+tributo+punk",
   "cita": "Tributo a Ramones @LosGabbaHeys Feb 18, 2015 Viernes 27 de Febrero: Tributo a Ramones, por Los Gabba Gabba Heys!, en @ lasosrock, Barquisimeto, edo. Lara."}
 ],
 "pais": "Venezuela",
 "ciudad": "Cabimas, estado Zulia",
 "año_formacion": null,
 "generos": [
  {"genero": "punk rock", "url": "https://html.duckduckgo.com/html/?q=%22Los+Gabba+Gabba+Heys%22+band", "cita": "Los Gabba Gabba Heys. 141 likes. Tributo a la mas grande banda de punk de todos los tiempos: Ramones."},
  {"genero": "tributo a Ramones", "url": "https://soundcloud.com/losgabbagabbaheys", "cita": "Tributo a la mejor banda de punk de la historia de la música: RAMONES"}
 ],
 "datos_para_biografia": [
  {"dato": "Banda radicada en Cabimas, estado Zulia, Venezuela", "url": "https://soundcloud.com/losgabbagabbaheys", "cita": "Cabimas, edo. Zulia, Bolivarian Republic of Venezuela"},
  {"dato": "Proyecto tributo a Ramones con repertorio ramonero (Judy Is A Punk, Bonzo Goes To Bitburg, Psycho Therapy, Do You Remember Rock'n'roll Radio, Teenage Lobotomy)", "url": "https://soundcloud.com/losgabbagabbaheys", "cita": "Track: Psycho Therapy by Los Gabba Gabba Heys! ... # Ramones"},
  {"dato": "Activa en la escena rock venezolana al menos desde 2015, con presentaciones como la del 27 de febrero de 2015 en Lasos Rock, Barquisimeto (Lara)", "url": "https://html.duckduckgo.com/html/?q=%22Gabba+Gabba+Heys%22+Cabimas+Ramones+tributo+punk", "cita": "Viernes 27 de Febrero: Tributo a Ramones, por Los Gabba Gabba Heys!, en @ lasosrock, Barquisimeto, edo. Lara."}
 ]}
