{
  "identidad_confirmada": true,
  "pruebas_identidad": [
    {
      "url": "https://descargasmetalvenezolano.blogspot.com/2020/03/maracaibo-el-delicado-sonido-del-rock_5.html",
      "cita": "12. Teoría del Caos - Labios de Prostituta"
    },
    {
      "url": "https://soundcloud.com/teoria-del-caos-1",
      "cita": "Track: Labios de Prostituta by Teoria Del CaoS | Link \"Labios de Prostituta\" | Link \"Teoria Del CaoS\" | Posted 11 years ago | # Metal"
    },
    {
      "url": "https://tachirarock.blogspot.com/2015/02/banda-teoria-del-caos.html",
      "cita": "Teoria Del CaoS — Reptile (reproductor de SoundCloud embebido en la ficha de la banda; la página enlaza sus redes: facebook.com/TeoriadCaos y soundcloud.com/teoria-del-caos-1, la misma cuenta que publica Labios de Prostituta)"
    }
  ],
  "pais": {
    "valor": "Venezuela",
    "url": "https://tachirarock.blogspot.com/2015/02/banda-teoria-del-caos.html",
    "cita": "esto con la finalidad de llenar los vacíos dejados por el paso del tiempo en la escena del movimiento de la música en Venezuela"
  },
  "ciudad": null,
  "año_formacion": {
    "valor": 2013,
    "url": "https://tachirarock.blogspot.com/2015/02/banda-teoria-del-caos.html",
    "cita": "Noviembre del 2013, durante una reunión familiar los primos Manuel Casal y Andrés Leonardo Pérez, se plantean mutuamente la posibilidad de crear un proyecto musical"
  },
  "generos": [
    {
      "genero": "Metal",
      "url": "https://soundcloud.com/teoria-del-caos-1",
      "cita": "Track: Labios de Prostituta by Teoria Del CaoS ... Posted 11 years ago ... # Metal"
    }
  ],
  "datos_para_biografia": [
    {
      "dato": "Proyecto fundado en noviembre de 2013 por los primos Manuel Casal (guitarra; ex Saleratus, Cicloletal, La International Terrorista y Serial Killer Profile) y Andrés Leonardo Pérez (bajo; ex Saleratus, N.I.P.L.E., LA MUCA, Nikole).",
      "url": "https://tachirarock.blogspot.com/2015/02/banda-teoria-del-caos.html",
      "cita": "Noviembre del 2013, durante una reunión familiar los primos Manuel Casal y Andrés Leonardo Pérez, se plantean mutuamente la posibilidad de crear un proyecto musical"
    },
    {
      "dato": "Se completó con el baterista Jorge Rangel (ex Drahcko) y el vocalista y letrista Luis Lambert (ex Sistema).",
      "url": "https://tachirarock.blogspot.com/2015/02/banda-teoria-del-caos.html",
      "cita": "cuando llega a la formación el Bateristas Jorge Rangel, Ex – Drahcko, esto con el propósito de aportar ideas frescas, encargarse de las percusiones y control rítmico de la agrupación"
    },
    {
      "dato": "En su cuenta de SoundCloud figuran los temas Reptile, Dualidad, Viuda Negra, Labios de Prostituta y Teoria del caos, este último con más reproducciones y comentarios.",
      "url": "https://soundcloud.com/teoria-del-caos-1",
      "cita": "Followers 17 | Following 13 | Tracks 5"
    }
  ]
}
