{"identidad_confirmada": true,
 "pruebas_identidad": [
   {"url": "https://andresugueto.blogspot.com/2008/04/mi-banda-innuendo.html",
    "cita": "Innuendo es una banda de Metal Progresivo que nace en la ciudad de Maracaibo – Venezuela, a finales del año 2006 cuando Andrés Ugueto (Guitarra) y Keny Parra (Batería) deciden dar inicio empezando la búsqueda de músicos para el proyecto."},
   {"url": "https://andresugueto.blogspot.com/2008/04/mi-banda-innuendo.html",
    "cita": "Las primeras dos canciones que se compusieron fueron “Descubriendo La Vida” y “Prócer Mesiánico”."},
   {"url": "https://descargasmetalvenezolano.blogspot.com/2020/03/maracaibo-el-delicado-sonido-del-rock.html",
    "cita": "06. Innuendo - Prócer Mesiánico"}
 ],
 "pais": {"valor": "Venezuela",
          "url": "https://andresugueto.blogspot.com/2008/04/mi-banda-innuendo.html",
          "cita": "Innuendo es una banda de Metal Progresivo que nace en la ciudad de Maracaibo – Venezuela, a finales del año 2006"},
 "ciudad": {"valor": "Maracaibo",
            "url": "https://andresugueto.blogspot.com/2008/04/mi-banda-innuendo.html",
            "cita": "nace en la ciudad de Maracaibo – Venezuela"},
 "año_formacion": {"valor": 2006,
                   "url": "https://andresugueto.blogspot.com/2008/04/mi-banda-innuendo.html",
                   "cita": "nace en la ciudad de Maracaibo – Venezuela, a finales del año 2006 cuando Andrés Ugueto (Guitarra) y Keny Parra (Batería) deciden dar inicio empezando la búsqueda de músicos para el proyecto."},
 "generos": [
   {"genero": "Metal Progresivo",
    "url": "https://andresugueto.blogspot.com/2008/04/mi-banda-innuendo.html",
    "cita": "Innuendo es una banda de Metal Progresivo que nace en la ciudad de Maracaibo – Venezuela"}
 ],
 "datos_para_biografia": [
   {"dato": "Proyecto iniciado a finales de 2006 por Andrés Ugueto (guitarra) y Keny Parra (batería); en 2007 se suman Greg Méndez (teclado), Francisco Nava (bajo) y Pariksit Ordoñez (voz), y ese mismo año entra Ignacio Torres en la batería.",
    "url": "https://andresugueto.blogspot.com/2008/04/mi-banda-innuendo.html",
    "cita": "A principios del año 2007 entran a la banda Greg Méndez (Teclado) y a principios del 2do trimestre entran Francisco Nava (Bajo) y Pariksit Ordoñez (Voz). ... A principios de Julio por motivos ajenos sale Keny Parra de la banda y entra Ignacio Torres para cubrir el puesto de Batería."},
   {"dato": "Grabó en agosto de 2007 su primer demo, «Descubriendo La Vida», con difusión regional, nacional e internacional.",
    "url": "https://andresugueto.blogspot.com/2008/04/mi-banda-innuendo.html",
    "cita": "Entran en el Estudio en Agosto del 2007 y dan inicio a la grabación del primer demo CD llamado “Descubriendo La Vida”, con el cual se ha abierto camino a nivel regional, nacional e internacional."},
   {"dato": "Sonido comparado con Symphony X, Rush y Dream Theater; música compuesta por Andrés Ugueto y Greg Méndez, letras de Pariksit Ordoñez.",
    "url": "https://andresugueto.blogspot.com/2008/04/mi-banda-innuendo.html",
    "cita": "El sonido de Innuendo es sólido, tanto en estudio como en vivo, y tiene semejanza en muchos aspectos a bandas como Symphony X, Rush y Dream Theater. Con respecto a los temas, la música es compuesta principalmente por Andrés Ugueto y Greg Méndez, y las letras por Pariksit Ordoñez"}
 ]
}
