{"identidad_confirmada": true,
 "pruebas_identidad": [
   {"url": "https://descargasmetalvenezolano.blogspot.com/2020/03/maracaibo-el-delicado-sonido-del-rock.html",
    "cita": "23. Bioactivo - Superación"},
   {"url": "https://soundcloud.com/bioactivo/superaci-n",
    "cita": "Stream Superación by Bioactivo"},
   {"url": "https://www.youtube.com/@bioactivovenezuela7055",
    "cita": "Banda de Metal creada en San Francisco, Venezuela en el año 2013 Miembros: Diego (Voces) Sebastian (Guitarra) Ramses (Guitarra) Edwuin (Bateria)"}
 ],
 "pais": {"valor": "Venezuela",
   "url": "https://www.youtube.com/@bioactivovenezuela7055",
   "cita": "Banda de Metal creada en San Francisco, Venezuela en el año 2013"},
 "ciudad": {"valor": "San Francisco",
   "url": "https://www.youtube.com/@bioactivovenezuela7055",
   "cita": "Banda de Metal creada en San Francisco, Venezuela en el año 2013"},
 "año_formacion": {"valor": 2013,
   "url": "https://www.youtube.com/@bioactivovenezuela7055",
   "cita": "Banda de Metal creada en San Francisco, Venezuela en el año 2013"},
 "generos": [
   {"genero": "Metal",
    "url": "https://www.youtube.com/@bioactivovenezuela7055",
    "cita": "Banda de Metal creada en San Francisco, Venezuela en el año 2013"},
   {"genero": "Metal",
    "url": "https://soundcloud.com/bioactivo",
    "cita": "# Metal"}
 ],
 "datos_para_biografia": [
   {"dato": "Alineación original: Diego (voz), Sebastian (guitarra), Ramses (guitarra) y Edwuin (batería).",
    "url": "https://www.youtube.com/@bioactivovenezuela7055",
    "cita": "Miembros: Diego (Voces) Sebastian (Guitarra) Ramses (Guitarra) Edwuin (Bateria)"},
   {"dato": "Su tema «Superación» forma parte del compilado zuliano «Maracaibo - El Delicado Sonido del Rock - Volumen I» (2020).",
    "url": "https://descargasmetalvenezolano.blogspot.com/2020/03/maracaibo-el-delicado-sonido-del-rock.html",
    "cita": "23. Bioactivo - Superación"},
   {"dato": "Banda ya disuelta, referida por un integrante como «nuestra antigua banda».",
    "url": "https://www.youtube.com/watch?v=RcC4-_A0vLw",
    "cita": "Comparto con ustedes uno de los temas de nuestra antigua banda."}
 ]}
