{"identidad_confirmada": true,
 "pruebas_identidad": [
   {"url":"https://soundcloud.com/cronicasdeelyze","cita":"luego comenzando así composiciones y grabaciones de sus primeros temas como \"Dulce Niña Demacrada\" y \"El Comienzo del Caos\"."},
   {"url":"https://soundcloud.com/cronicasdeelyze","cita":"Cronicas de Elyze es una banda de Metal Venezolana que tuvo su origen a comienzos del año 2008 en Cabimas, Zulia."},
   {"url":"https://www.facebook.com/CronicasdeElyze","cita":"Crónicas de Elyze es una banda de Metal Venezolana que tuvo su origen a comienzos del año 2007 en"},
   {"url":"https://www.youtube.com/watch?v=l4jPL8Fl31Y","cita":"Lyrics video del tema #Distimia que pertenece a nuestro nuevo album. Fan Page: https://www.facebook.com/CronicasdeElyze SoundCloud: https://soundcloud.com/cron..."}
 ],
 "pais": {"valor":"Venezuela","url":"https://soundcloud.com/cronicasdeelyze","cita":"Cronicas de Elyze es una banda de Metal Venezolana que tuvo su origen a comienzos del año 2008 en Cabimas, Zulia."},
 "ciudad": {"valor":"Cabimas","url":"https://soundcloud.com/cronicasdeelyze","cita":"Cronicas de Elyze es una banda de Metal Venezolana que tuvo su origen a comienzos del año 2008 en Cabimas, Zulia."},
 "año_formacion": {"valor":2008,"url":"https://soundcloud.com/cronicasdeelyze","cita":"Cronicas de Elyze es una banda de Metal Venezolana que tuvo su origen a comienzos del año 2008 en Cabimas, Zulia."},
 "generos": [
   {"genero":"Metal Venezolano","url":"https://soundcloud.com/cronicasdeelyze","cita":"Cronicas de Elyze es una banda de Metal Venezolana que tuvo su origen a comienzos del año 2008 en Cabimas, Zulia."},
   {"genero":"Death Metal","url":"https://soundcloud.com/cronicasdeelyze","cita":"ahora se torna el genero mas técnico; logrando un acople solido, manteniendo la influencia del metal y el death metal que la banda siempre ha tenido."},
   {"genero":"Hardcore","url":"https://soundcloud.com/cronicasdeelyze","cita":"la banda comienza a tornarse mas segura y comprometida con el proyecto Hardcore"}
 ],
 "datos_para_biografia": [
   {"dato":"Alineación actual declarada por la banda con Fabian Figueroa como vocalista líder y productor musical","url":"https://soundcloud.com/cronicasdeelyze","cita":"Miembros Actuales: Fabian Figueroa - Vocalista Lider & Productor Musical"},
   {"dato":"Su segundo material discográfico fue \"Bye Bye Demmacrada's\", cerrado en 2013","url":"https://soundcloud.com/cronicasdeelyze","cita":"Cierra el año 2013 con su 2do material discográfico \"Bye Bye Demmacrada's\"; más de la mente enferma de Elyze!"},
   {"dato":"En 2014 se retiran Eduardo Ponce y John Alvarado, entra Cesar Rosales en la guitarra y se estrena el single \"Pierde La Fe\"","url":"https://soundcloud.com/cronicasdeelyze","cita":"En Agosto del 2014 Eduardo Ponce y John Alvarado se retiran de la banda por la imposibilidad de continuar en la misma. Para Octubre del 2014 entra a la banda Cesar Rosales en la guitarra, Fabian Figueroa. Se estrena el 2do single titulado \"Pierde La Fe\" perteneciente al nuevo album."}
 ]}
