{
  "identidad_confirmada": true,
  "pruebas_identidad": [
    {
      "url": "https://descargasmetalvenezolano.blogspot.com/2019/12/cabimas-la-cuna-del-rock-compilado.html",
      "cita": "12. SEPARACIÓN - Recordándote"
    },
    {
      "url": "https://www.youtube.com/watch?v=UiHHT2RG_Eo",
      "cita": "SEPARACIÓN RECORDANDOTE ATRIBUTO A ZAPATO 3. CABIMAS ZULIA VENEZUELA"
    },
    {
      "url": "https://www.youtube.com/@SeparacionZ3/about",
      "cita": ".: Separación :. Es una banda tributo formada en Marzo de 2004, como homenaje a una gran agrupación con proyección internacional que surgió en nuestro país, Zapato 3"
    }
  ],
  "pais": {
    "valor": "Venezuela",
    "url": "https://www.youtube.com/watch?v=UiHHT2RG_Eo",
    "cita": "SEPARACIÓN RECORDANDOTE ATRIBUTO A ZAPATO 3. CABIMAS ZULIA VENEZUELA"
  },
  "ciudad": {
    "valor": "Cabimas",
    "url": "https://www.youtube.com/watch?v=UiHHT2RG_Eo",
    "cita": "SEPARACIÓN RECORDANDOTE ATRIBUTO A ZAPATO 3. CABIMAS ZULIA VENEZUELA"
  },
  "año_formacion": {
    "valor": 2004,
    "url": "https://www.youtube.com/@SeparacionZ3/about",
    "cita": ".: Separación :. Es una banda tributo formada en Marzo de 2004, como homenaje a una gran agrupación con proyección internacional que surgió en nuestro país, Zapato 3"
  },
  "generos": [
    {
      "genero": "Rock venezolano",
      "url": "https://soundcloud.com/separaci-n",
      "cita": "RockVenezolano"
    }
  ],
  "datos_para_biografia": [
    {
      "dato": "Banda tributo a Zapato 3 formada en marzo de 2004",
      "url": "https://www.youtube.com/@SeparacionZ3/about",
      "cita": ".: Separación :. Es una banda tributo formada en Marzo de 2004, como homenaje a una gran agrupación con proyección internacional que surgió en nuestro país, Zapato 3, cuya historia data de hace más de 15 años del mas legitimo rock nacional"
    },
    {
      "dato": "Su vocalista es Freddy Piñero",
      "url": "https://www.youtube.com/watch?v=TXW7oAWTVwI",
      "cita": "Separación -tributo a Zapato 3-, interpretando \"Hermana\", en la parrillada post-matrimonial de nuestro vocalista Freddy Piñero"
    },
    {
      "dato": "Interpreta en vivo temas de Zapato 3 en locales de Cabimas y Maracaibo",
      "url": "https://www.youtube.com/@SeparacionZ3/about",
      "cita": "SeparacionZ3 - Amor de Hierro (Z3) en CalleClub Maracaibo"
    }
  ]
}
