{"identidad_confirmada": true,
 "pruebas_identidad": [
   {"url": "https://descargasmetalvenezolano.blogspot.com/2019/12/cabimas-la-cuna-del-rock-compilado.html", "cita": "Banda: Cabimas La Cuna del Rock — Álbum: Compilado Zuliano Volumen II - Edición de Colección — Lanzamiento: 2019 — Género: Hard/Heavy/Thrash/Death/Hardcore/Black... — Lugar: Cabimas -Venezuela — Temas: ... 20. PRIMERA LEY - Roxanna"},
   {"url": "https://www.youtube.com/@Primeraley", "cita": "Banda Venezolana originaria de la ciudad de Cabimas estado Zulia, en la movida del Rock, que mezcla en su música elementos del Rock alternativo,Blues,Pop,Latin rock, Rock&Roll,Baladas entre otros matices e influencias de sus miembros, con letras que van de lo romántico a lo irreverente y manteniendo siempre un carácter abierto."},
   {"url": "https://www.youtube.com/@Primeraley", "cita": "Roxana - PrimeraLey"}
 ],
 "pais": {"valor": "Venezuela", "url": "https://www.youtube.com/@Primeraley", "cita": "Banda Venezolana originaria de la ciudad de Cabimas estado Zulia"},
 "ciudad": {"valor": "Cabimas", "url": "https://www.youtube.com/@Primeraley", "cita": "originaria de la ciudad de Cabimas estado Zulia"},
 "año_formacion": null,
 "generos": [
   {"genero": "Rock alternativo", "url": "https://www.youtube.com/@Primeraley", "cita": "mezcla en su música elementos del Rock alternativo,Blues,Pop,Latin rock, Rock&Roll,Baladas"},
   {"genero": "Blues", "url": "https://www.youtube.com/@Primeraley", "cita": "mezcla en su música elementos del Rock alternativo,Blues,Pop,Latin rock, Rock&Roll,Baladas"},
   {"genero": "Pop", "url": "https://www.youtube.com/@Primeraley", "cita": "mezcla en su música elementos del Rock alternativo,Blues,Pop,Latin rock, Rock&Roll,Baladas"},
   {"genero": "Latin rock", "url": "https://www.youtube.com/@Primeraley", "cita": "mezcla en su música elementos del Rock alternativo,Blues,Pop,Latin rock, Rock&Roll,Baladas"},
   {"genero": "Rock&Roll", "url": "https://www.youtube.com/@Primeraley", "cita": "mezcla en su música elementos del Rock alternativo,Blues,Pop,Latin rock, Rock&Roll,Baladas"},
   {"genero": "Baladas", "url": "https://www.youtube.com/@Primeraley", "cita": "mezcla en su música elementos del Rock alternativo,Blues,Pop,Latin rock, Rock&Roll,Baladas"}
 ],
 "datos_para_biografia": [
   {"dato": "Es una banda de rock de la movida rockera zuliana, integrada en la escena del rock de Cabimas, Zulia.", "url": "https://www.youtube.com/@Primeraley", "cita": "Banda Venezolana originaria de la ciudad de Cabimas estado Zulia, en la movida del Rock"},
   {"dato": "Sus letras abarcan desde lo romántico hasta lo irreverente, con un carácter abierto a influencias de sus miembros.", "url": "https://www.youtube.com/@Primeraley", "cita": "con letras que van de lo romántico a lo irreverente y manteniendo siempre un carácter abierto."},
   {"dato": "Publicó en su canal el video «Roxana - PrimeraLey» (2,5K visualizaciones, subido hace 11 años) y versiones acústicas de «Juegos En Estereo» y «No Escuchara».", "url": "https://www.youtube.com/@Primeraley", "cita": "PrimeraLey - Juegos En Estereo/No Escuchara (Versiones Acústicas)"}
 ]}
