{"identidad_confirmada": true,
 "pruebas_identidad": [
   {"url": "https://descargasmetalvenezolano.blogspot.com/2019/12/banda-ciudad-ojeda-es-rock-album.html",
    "cita": "05. Eclipside - Sintiendo el Placer"},
   {"url": "https://www.youtube.com/watch?v=Tjovyckfps4",
    "cita": "ECLIPSIDE BANDA DE NU METAL Y METALCORE NACIDA EN TIA JUANA ESTADO ZULIA."}],
 "pais": {"valor": "Venezuela", "url": "https://www.youtube.com/watch?v=Tjovyckfps4",
          "cita": "ECLIPSIDE VIVIENDO AL LÍMITE. 2008 TIA JUANA ZULIA VENEZUELA."},
 "ciudad": {"valor": "Tia Juana (Estado Zulia)", "url": "https://www.youtube.com/watch?v=Tjovyckfps4",
            "cita": "ECLIPSIDE BANDA DE NU METAL Y METALCORE NACIDA EN TIA JUANA ESTADO ZULIA."},
 "año_formacion": null,
 "generos": [
   {"genero": "Nu Metal", "url": "https://www.youtube.com/watch?v=Tjovyckfps4",
    "cita": "ECLIPSIDE BANDA DE NU METAL Y METALCORE NACIDA EN TIA JUANA ESTADO ZULIA."},
   {"genero": "Metalcore", "url": "https://www.youtube.com/watch?v=Tjovyckfps4",
    "cita": "ECLIPSIDE BANDA DE NU METAL Y METALCORE NACIDA EN TIA JUANA ESTADO ZULIA."}],
 "datos_para_biografia": [
   {"dato": "Grabaron en 2008 el demo 'Viviendo al Límite', descrito como cargado de misticismo social.",
    "url": "https://www.youtube.com/watch?v=Tjovyckfps4",
    "cita": "EN EL 2008 GRABAN EL DEMO CARGADO DE MISTICISMO SOCIAL \"VIVIENDO AL LÍMITE\"."},
   {"dato": "La banda estaba comandada por Jonathan Casanova.",
    "url": "https://www.youtube.com/watch?v=Tjovyckfps4",
    "cita": "COMANDADO POR JONATHAN CASANOVA."},
   {"dato": "Participa con el tema «Sintiendo el Placer» en el compilado «Ciudad Ojeda es Rock - Compilado 02 Edición de Colección» (2019).",
    "url": "https://descargasmetalvenezolano.blogspot.com/2019/12/banda-ciudad-ojeda-es-rock-album.html",
    "cita": "05. Eclipside - Sintiendo el Placer"}]}
