{"identidad_confirmada": true,
 "pruebas_identidad": [
   {"url":"https://descargasmetalvenezolano.blogspot.com/2019/12/banda-ciudad-ojeda-es-rock-album.html","cita":"21. Tercer Mundo - Narcosis"},
   {"url":"https://descargasmetalvenezolano.blogspot.com/2019/12/banda-ciudad-ojeda-es-rock-album.html","cita":"Género: Hard/Heavy/Thrash/Death/Hardcore"}
 ],
 "pais": null,
 "ciudad": null,
 "año_formacion": null,
 "generos": [
   {"genero":"Hard/Heavy/Thrash/Death/Hardcore (género del compilado en que aparece «Narcosis»)",
    "url":"https://descargasmetalvenezolano.blogspot.com/2019/12/banda-ciudad-ojeda-es-rock-album.html",
    "cita":"Género: Hard/Heavy/Thrash/Death/Hardcore"}
 ],
 "datos_para_biografia": [
   {"dato":"Aporta la pista «Narcosis» en el puesto 21 del compilado «Ciudad Ojeda es Rock - Compilado 02 Edición de Colección (2019)»",
    "url":"https://descargasmetalvenezolano.blogspot.com/2019/12/banda-ciudad-ojeda-es-rock-album.html",
    "cita":"21. Tercer Mundo - Narcosis"},
   {"dato":"Su tema integra un compilado de la escena de Ciudad Ojeda (Edo. Zulia) con 26 pistas, junto a bandas como Latitud Zero, Insame, Korpus Inc, Aurora, Nerón, Audiocafé, Exocet y Avathar",
    "url":"https://descargasmetalvenezolano.blogspot.com/2019/12/banda-ciudad-ojeda-es-rock-album.html",
    "cita":"Lugar: Ciudad Ojeda - Edo. Zulia"},
   {"dato":"El compilado que contiene «Narcosis» fue publicado el 19 de diciembre de 2019 y fue cedido por Arturo Rumbos (webmaster: Napoleón Sánchez)",
    "url":"https://descargasmetalvenezolano.blogspot.com/2019/12/banda-ciudad-ojeda-es-rock-album.html",
    "cita":"Vía: Arturo Rumbos Webmaster: Napoleón Sánchez"}
 ]
}
