{
 "identidad_confirmada": true,
 "pruebas_identidad": [
  {"url":"https://descargasmetalvenezolano.blogspot.com/2019/12/metalkinesia-capitulo-sucre-2019.html","cita":"01. ILUVATAR - Hammer Strike 5:21"},
  {"url":"https://www.youtube.com/watch?v=zMfDGWZNKoA","cita":"Para cerrar, la única banda de Cumaná capaz de corear una canción propia con el público... Un clásico: HAMMER STRIKE..!!"},
  {"url":"https://www.youtube.com/watch?v=ccxlG87101A","cita":"bueno he aki un clasico del metal nacional y cumanes... una cancion demasiado chingona... en ingles.."}
 ],
 "pais": {"valor":"Venezuela","url":"https://descargasmetalvenezolano.blogspot.com/2019/12/metalkinesia-capitulo-sucre-2019.html","cita":"Lugar: Sucre - Venezuela"},
 "ciudad": {"valor":"Cumaná","url":"https://www.youtube.com/watch?v=zMfDGWZNKoA","cita":"Para cerrar, la única banda de Cumaná capaz de corear una canción propia con el público"},
 "año_formacion": null,
 "generos": [
  {"genero":"Death Metal","url":"https://www.youtube.com/watch?v=ccxlG87101A","cita":"deathmetal"},
  {"genero":"Thrash Metal","url":"https://www.youtube.com/watch?v=ccxlG87101A","cita":"thrash"}
 ],
 "datos_para_biografia": [
  {"dato":"Abre el compilado «Capitulo Sucre» (2019) de bandas del estado Sucre (Venezuela) con el tema «Hammer Strike»","url":"https://descargasmetalvenezolano.blogspot.com/2019/12/metalkinesia-capitulo-sucre-2019.html","cita":"01. ILUVATAR - Hammer Strike 5:21"},
  {"dato":"Descrita como la única banda de Cumaná capaz de corear una canción propia con el público","url":"https://www.youtube.com/watch?v=zMfDGWZNKoA","cita":"Para cerrar, la única banda de Cumaná capaz de corear una canción propia con el público"},
  {"dato":"Catalogada por un seguidor como un clásico del metal nacional y cumanés, cantada en inglés","url":"https://www.youtube.com/watch?v=ccxlG87101A","cita":"bueno he aki un clasico del metal nacional y cumanes... una cancion demasiado chingona... en ingles.."}
 ]
}
