{"identidad_confirmada": true,
 "pruebas_identidad": [
  {"url":"https://descargasmetalvenezolano.blogspot.com/2019/12/metalkinesia-capitulo-sucre-2019.html","cita":"04. DEMOLITION - Rotten Gods 6:28"},
  {"url":"https://www.youtube.com/watch?v=9irYLHoQH8I","cita":"Banda : Demolition\nPais : Venezuela\nGenero : Brutal Death Metal"},
  {"url":"https://www.youtube.com/watch?v=cL721LGPGpo","cita":"Demolition, Banda de Brutal Death Metal, residente de Cumaná Estado Sucre (Venezuela)."},
  {"url":"https://cerebrosexprimidos.blogspot.com/2013/08/demolition-death-metal-desde-sucre.html","cita":"DEMOLITION es una banda fecundada en el vientre del death metal, la formación de su embrión se inicia en el año 2003, naciendo así esta banda; Se presenta al publico el 30 de mayo de 2009 en Cumaná estado Sucre."},
  {"url":"https://soundcloud.com/demolition-vzla/demolition-rotten-gods","cita":"Demolition - Rotten Gods / Demolition Vzla / # Death Metal"}
 ],
 "pais": {"valor":"Venezuela","url":"https://www.youtube.com/watch?v=cL721LGPGpo","cita":"Demolition, Banda de Brutal Death Metal, residente de Cumaná Estado Sucre (Venezuela)."},
 "ciudad": {"valor":"Cumaná","url":"https://cerebrosexprimidos.blogspot.com/2013/08/demolition-death-metal-desde-sucre.html","cita":"Se presenta al publico el 30 de mayo de 2009 en Cumaná estado Sucre"},
 "año_formacion": {"valor":2003,"url":"https://cerebrosexprimidos.blogspot.com/2013/08/demolition-death-metal-desde-sucre.html","cita":"la formación de su embrión se inicia en el año 2003, naciendo así esta banda"},
 "generos": [
  {"genero":"Brutal Death Metal","url":"https://www.youtube.com/watch?v=9irYLHoQH8I","cita":"Genero : Brutal Death Metal"},
  {"genero":"Death Metal","url":"https://cerebrosexprimidos.blogspot.com/2013/08/demolition-death-metal-desde-sucre.html","cita":"DEMOLITION.... Death Metal desde Sucre"}
 ],
 "datos_para_biografia": [
  {"dato":"Formación original: Güero Demolition (voz), Roberto Demolition (guitarra) y Rafael Demolition (batería), líderes fundadores del proyecto.","url":"https://cerebrosexprimidos.blogspot.com/2013/08/demolition-death-metal-desde-sucre.html","cita":"En sus inicios la banda estuvo formada originalmente por Güero Demolition en la voz, Roberto Demolition en la guitarra y Rafael Demolition en la batería, Líderes fundadores de este proyecto"},
  {"dato":"Sergio LordDeath (ex vocalista de Magan y Gore Asylum) pasó a ocupar la voz tras los cambios de formación.","url":"https://cerebrosexprimidos.blogspot.com/2013/08/demolition-death-metal-desde-sucre.html","cita":"los cuales son suplantados por Sergio LordDeath, ex vocalista de Magan y Gore Asylum, en la voz"},
  {"dato":"Clasificó en 5.º lugar en el PreGillmanFest Cumaná 2011, obteniendo participación en el Gillmanfest Cumaná 2011.","url":"https://www.youtube.com/watch?v=cL721LGPGpo","cita":"Aca una Presentacion en vivo en el PreGillmanFest Cumaná 2011 donde clasifico en 5to lugar para participar en el Gillmanfest Cumaná 2011."}
 ]}
