{
  "identidad_confirmada": true,
  "pruebas_identidad": [
    {
      "url": "https://descargasmetalvenezolano.blogspot.com/2019/12/metalkinesia-capitulo-sucre-2019.html",
      "cita": "15. SPRAY ONE - Amargos Recuerdos de un Dulce Corazón 4:15"
    },
    {
      "url": "https://metallethal.com.ve/metalkinesia/capitulo-sucre.html",
      "cita": "MetalKinesia Capítulo SUCRE"
    },
    {
      "url": "https://www.facebook.com/sprayone/posts/spray-one-en-el-copilado-mp3-rock-tour-2011-vol-1-yeah-apoyo-100-rock-venezolano/247454695273078/",
      "cita": "SPRAY ONE EN EL COPILADO \"MP3 ROCK TOUR 2011 VOL 1\" YEAH APOYO 100% ROCK VENEZOLANO!!!"
    }
  ],
  "pais": {
    "valor": "Venezuela",
    "url": "https://www.facebook.com/sprayone/posts/spray-one-en-el-copilado-mp3-rock-tour-2011-vol-1-yeah-apoyo-100-rock-venezolano/247454695273078/",
    "cita": "SPRAY ONE EN EL COPILADO \"MP3 ROCK TOUR 2011 VOL 1\" YEAH APOYO 100% ROCK VENEZOLANO!!!"
  },
  "ciudad": null,
  "año_formacion": null,
  "generos": [
    {
      "genero": "Rock",
      "url": "https://www.facebook.com/sprayone/posts/spray-one-en-el-copilado-mp3-rock-tour-2011-vol-1-yeah-apoyo-100-rock-venezolano/247454695273078/",
      "cita": "SPRAY ONE EN EL COPILADO \"MP3 ROCK TOUR 2011 VOL 1\" YEAH APOYO 100% ROCK VENEZOLANO!!!"
    },
    {
      "genero": "Hard/Heavy/Thrash/Death/Gothic/Black/Hardcore",
      "url": "https://descargasmetalvenezolano.blogspot.com/2019/12/metalkinesia-capitulo-sucre-2019.html",
      "cita": "Género: Hard/Heavy/Thrash/Death/Gothic/Black/Hardcore..."
    }
  ],
  "datos_para_biografia": [
    {
      "dato": "Su tema «Amargos Recuerdos de un Dulce Corazón» (4:15) integra el compilado «Metalkinesia - Capitulo Sucre» (2019)",
      "url": "https://descargasmetalvenezolano.blogspot.com/2019/12/metalkinesia-capitulo-sucre-2019.html",
      "cita": "15. SPRAY ONE - Amargos Recuerdos de un Dulce Corazón 4:15"
    },
    {
      "dato": "«Capítulo Sucre» es el 11º compilado de rock/metal venezolano del sello Metal Lethal (proyecto MetalKinesia), editado por David Parra",
      "url": "https://metallethal.com.ve/metalkinesia/capitulo-sucre.html",
      "cita": "METALKINESIA | Capítulo Sucre | 11º Compilado | Venezuela | Metal Lethal"
    },
    {
      "dato": "Es un grupo/artista musical (página «Músico/grupo de música»), ya activo en compilados de rock venezolano desde 2011",
      "url": "https://www.facebook.com/sprayone/",
      "cita": "Spray One. 390 seguidores. Músico/grupo de música"
    }
  ]
}
