{"identidad_confirmada": true,
 "pruebas_identidad": [
  {"url":"https://descargasmetalvenezolano.blogspot.com/2019/12/metalkinesia-capitulo-sucre-2019.html","cita":"17. ANARKIA - Falsa Realidad (Demo) 5:30"},
  {"url":"https://descargasmetalvenezolano.blogspot.com/2019/12/metalkinesia-capitulo-sucre-2019.html","cita":"Lugar: Sucre - Venezuela"},
  {"url":"https://www.youtube.com/watch?v=zwp89oJ-RBw","cita":"Tema Falsa realidad (Remasterizado) del primer EP de la banda de Metal Cumanes ANARKIA."},
  {"url":"https://www.facebook.com/Anarkiabanda/","cita":"Cumaná, Venezuela"}
 ],
 "pais": {"valor":"Venezuela","url":"https://www.facebook.com/Anarkiabanda/","cita":"Cumaná, Venezuela"},
 "ciudad": {"valor":"Cumaná","url":"https://www.facebook.com/Anarkiabanda/","cita":"Cumaná, Venezuela"},
 "año_formacion": null,
 "generos": [
  {"genero":"Metal","url":"https://www.youtube.com/watch?v=zwp89oJ-RBw","cita":"Metal / Hardcore / Death metal"},
  {"genero":"Hardcore","url":"https://www.youtube.com/watch?v=zwp89oJ-RBw","cita":"Metal / Hardcore / Death metal"},
  {"genero":"Death metal","url":"https://www.youtube.com/watch?v=zwp89oJ-RBw","cita":"Metal / Hardcore / Death metal"}
 ],
 "datos_para_biografia": [
  {"dato":"«Falsa Realidad» es un tema de su primer EP, remasterizado.","url":"https://www.youtube.com/watch?v=zwp89oJ-RBw","cita":"Tema Falsa realidad (Remasterizado) del primer EP de la banda de Metal Cumanes ANARKIA."},
  {"dato":"Aparece con «Falsa Realidad (Demo)» en el compilatorio «Capitulo Sucre» (2019), de la escena de Sucre, Venezuela.","url":"https://descargasmetalvenezolano.blogspot.com/2019/12/metalkinesia-capitulo-sucre-2019.html","cita":"17. ANARKIA - Falsa Realidad (Demo) 5:30"},
  {"dato":"Mantiene su página oficial en Facebook con contacto de management/bookings.","url":"https://www.facebook.com/Anarkiabanda/","cita":"THE OFFICIAL FACEBOOK Management and Booking: Anarkiabanda@gmaill.com / YouTube: @Anarkiabanda"}
 ]}
