Identificado. Fuentes abiertas: SoundCloud (perfil oficial "alkkonbanda") y la copia archivada de Encyclopaedia Metallum (vía web.archive.org; el sitio en vivo está tras Cloudflare y Bing/MusicBrainz/archive.today no aportaron nada).

{"identidad_confirmada": true,
 "pruebas_identidad": [
   {"url":"https://soundcloud.com/alkkonbanda","cita":"nueva esparta, Bolivarian Republic of Venezuela"},
   {"url":"https://soundcloud.com/alkkonbanda","cita":"Heavy Rock"},
   {"url":"https://web.archive.org/web/20210816092220/https://www.metal-archives.com/bands/Alkkon/3540492366","cita":"Country of origin:\nVenezuela"},
   {"url":"https://web.archive.org/web/20210816092220/https://www.metal-archives.com/bands/Alkkon/3540492366","cita":"Genre:\nGroove/Heavy Metal"}
 ],
 "pais": {"valor":"Venezuela","url":"https://soundcloud.com/alkkonbanda","cita":"nueva esparta, Bolivarian Republic of Venezuela"},
 "ciudad": {"valor":"Nueva Esparta","url":"https://soundcloud.com/alkkonbanda","cita":"nueva esparta, Bolivarian Republic of Venezuela"},
 "año_formacion": null,
 "generos": [
   {"genero":"Groove/Heavy Metal","url":"https://web.archive.org/web/20210816092220/https://www.metal-archives.com/bands/Alkkon/3540492366","cita":"Genre:\nGroove/Heavy Metal"},
   {"genero":"heavy - thrash and other stuff metal","url":"https://soundcloud.com/alkkonbanda","cita":"heavy - thrash and other stuff metal"}
 ],
 "datos_para_biografia": [
   {"dato":"Proyecto/banda venezolano sin sello discográfico (Unsigned/independent) y estatus desconocido según Encyclopaedia Metallum.","url":"https://web.archive.org/web/20210816092220/https://www.metal-archives.com/bands/Alkkon/3540492366","cita":"Last label:\nUnsigned/independent"},
   {"dato":"Su perfil de SoundCloud, ubicado en Nueva Esparta, se autodefine como «heavy - thrash and other stuff metal» y etiqueta sus temas con «# metal».","url":"https://soundcloud.com/alkkonbanda","cita":"# metal"},
   {"dato":"Publicó hace unos 14 años un adelanto de 3 temas («Vengador», «Enviada del Mal» y «Heavy Rock»), reuniendo unos 326 seguidores.","url":"https://soundcloud.com/alkkonbanda","cita":"adelanto, 3 temas"}
 ]}
