{"identidad_confirmada": true,
 "pruebas_identidad": [
  {"url": "https://soundcloud.com/lenguajecaustico",
   "cita": "Track: Lenguaje Caustico - Mil Formas by Lenguaje Caustico"},
  {"url": "https://soundcloud.com/lenguajecaustico",
   "cita": "Lenguaje Caustico / Bolivarian Republic of Venezuela"},
  {"url": "https://www.vzlarockea.com/2025/08/lenguaje-caustico-lenguaje-caustico.html",
   "cita": "Lenguaje Caustico - Lenguaje Caustico / Metal / Rock"}],
 "pais": {"valor": "Venezuela",
          "url": "https://soundcloud.com/lenguajecaustico",
          "cita": "Bolivarian Republic of Venezuela"},
 "ciudad": null,
 "año_formacion": null,
 "generos": [
  {"genero": "Metal",
   "url": "https://soundcloud.com/lenguajecaustico",
   "cita": "Metal"},
  {"genero": "Rock",
   "url": "https://www.vzlarockea.com/2025/08/lenguaje-caustico-lenguaje-caustico.html",
   "cita": "Metal Rock"}],
 "datos_para_biografia": [
  {"dato": "Perfil de SoundCloud con 7 pistas publicadas y 5 seguidores.",
   "url": "https://soundcloud.com/lenguajecaustico",
   "cita": "Followers 5 ... Following 0 ... Tracks 7"},
  {"dato": "Sus pistas en SoundCloud (Anfetamina, Ni Un Verso Mas, Entonces Puedo Errar, Mil Formas, Un Lado Consciente De Mi) fueron publicadas hace 5 años.",
   "url": "https://soundcloud.com/lenguajecaustico",
   "cita": "Posted 5 years ago"},
  {"dato": "Publicación dedicada a la banda en el blog venezolano de rock VzlaRockea, publicada el 20 de agosto de 2025.",
   "url": "https://www.vzlarockea.com/2025/08/lenguaje-caustico-lenguaje-caustico.html",
   "cita": "VzlaRockMusic / August 20, 2025"}]}
