{"identidad_confirmada": true,
 "pruebas_identidad": [
  {"url": "https://soundcloud.com/myoppressedcountry", "cita": "Acarigua, Bolivarian Republic of Venezuela"},
  {"url": "https://soundcloud.com/myoppressedcountry", "cita": "Esencia Del Caos (Feat. Mariam Cat White of War Of Death)"},
  {"url": "https://cerebrosexprimidos.com.ve/my-oppressed-country/", "cita": "08 Esencia Del Caos (Feat. Mariam Cat White of War Of Death)"},
  {"url": "https://rockhechovzla.blogspot.com/2020/05/metalkinesia-capitulo-portuguesa-16.html", "cita": "14. MY OPPRESSED COUNTRY - Esencia del Caos 3:43"}
 ],
 "pais": {"valor": "Venezuela", "url": "https://soundcloud.com/myoppressedcountry", "cita": "Acarigua, Bolivarian Republic of Venezuela"},
 "ciudad": {"valor": "Acarigua", "url": "https://cerebrosexprimidos.com.ve/my-oppressed-country/", "cita": "Los de Acarigua – Edo. Portuguesa nos presentan su álbum debut"},
 "año_formacion": null,
 "generos": [
  {"genero": "Deathcore", "url": "https://cerebrosexprimidos.com.ve/my-oppressed-country/", "cita": "un trabajo compuesto por 11 increíbles temas enmarcados dentro de géneros más actuales como lo es el Deathcore"},
  {"genero": "Metal", "url": "https://soundcloud.com/myoppressedcountry", "cita": "# Metal"}
 ],
 "datos_para_biografia": [
  {"dato": "Álbum debut \"No Somos un Pedazo de Carne\" (2017), 11 temas", "url": "https://cerebrosexprimidos.com.ve/my-oppressed-country/", "cita": "Los de Acarigua – Edo. Portuguesa nos presentan su álbum debut que lleva por título “No Somos un Pedazo de Carne” el cual es un trabajo compuesto por 11 increíbles temas"},
  {"dato": "Origen de la banda (ex \"The Shadow Breather\"/\"The Shadows Breather\", con Carlos Azuaje de War Of Death)", "url": "https://cerebrosexprimidos.com.ve/my-oppressed-country/", "cita": "My Oppressed Country (M.O.C) surge después de un año cuando Leonardo Melendez y Luiyi Estaban formando una banda de nombre “The Shadow Breather” pero por problemas no continuaron el proyecto"},
  {"dato": "Alineación: Leo Melendez (voz), Luiyi Sixx (guitarra), Oscar Castro (bajo), Carlos \"Krueger\" Azueje (batería)", "url": "https://cerebrosexprimidos.com.ve/my-oppressed-country/", "cita": "En la actualidad la banda esta conformada por: Leo Melendez (Voz), Luiyi Sixx (Guitarra), Oscar Castro (Bajo) y Carlos “Krueger” Azueje (Batería)."}
 ]
}
