{"identidad_confirmada": true,
 "pruebas_identidad": [
  {"url":"https://www.youtube.com/watch?v=UdAYY5O1164","cita":"Lobo o Cobarde / Días de Agresión / Convicto (listado de pistas de METALKINESIA CAPITULO MIGRACÍON, 10MO COMPILATORIO - VENEZUELA)"},
  {"url":"https://www.youtube.com/watch?v=9RTWofXd2dw","cita":"#Diasdeagresion #loboocobarde #hardcoreworldwide #metallatinoamericano\n1er sencillo extraído de “CONVICTO” 2do trabajo discográfico de la banda."},
  {"url":"https://soundcloud.com/dias_de_agresion","cita":"Banda de Hardcore Metal nacida en la arenosa Barranquilla radicada en Bogota - Colombia desde 2016."},
  {"url":"https://musicbrainz.org/artist/9c27757b-fec0-4796-b40d-4c0d97f4cc13","cita":"Type: Group | Founded: 2014 (12 years ago) | Area: Barranquilla, Atlántico (Atlántico Department), Colombia"}
 ],
 "pais": {"valor":"Colombia","url":"https://www.youtube.com/watch?v=9RTWofXd2dw","cita":"Bogota- Colombia"},
 "ciudad": {"valor":"Barranquilla","url":"https://soundcloud.com/dias_de_agresion","cita":"Banda de Hardcore Metal nacida en la arenosa Barranquilla radicada en Bogota - Colombia desde 2016."},
 "año_formacion": {"valor":2014,"url":"https://musicbrainz.org/artist/9c27757b-fec0-4796-b40d-4c0d97f4cc13","cita":"Founded: 2014 (12 years ago)"},
 "generos": [
  {"genero":"Hardcore Metal","url":"https://soundcloud.com/dias_de_agresion","cita":"Banda de Hardcore Metal nacida en la arenosa Barranquilla radicada en Bogota - Colombia desde 2016."},
  {"genero":"hardcore","url":"https://diasdeagresion.bandcamp.com/track/maquinaria-del-mal","cita":"metal hardcore Bogotá"},
  {"genero":"metal","url":"https://diasdeagresion.bandcamp.com/track/maquinaria-del-mal","cita":"metal hardcore Bogotá"}
 ],
 "datos_para_biografia": [
  {"dato":"Banda de hardcore metal formada en Barranquilla y radicada en Bogotá (Colombia) desde 2016","url":"https://soundcloud.com/dias_de_agresion","cita":"Banda de Hardcore Metal nacida en la arenosa Barranquilla radicada en Bogota - Colombia desde 2016."},
  {"dato":"«Lobo o Cobarde» fue el primer sencillo de «Convicto», su segundo trabajo discográfico","url":"https://www.youtube.com/watch?v=9RTWofXd2dw","cita":"1er sencillo extraído de “CONVICTO” 2do trabajo discográfico de la banda."},
  {"dato":"Integrantes: Robert Barriga (voz), Markos Mejía (guitarra/coros), Gerardo Lozano (bajo), Wilfredo Anacona (batería/coros)","url":"https://www.youtube.com/watch?v=9RTWofXd2dw","cita":"Dias de Agresión son:\nRobert Barriga - Vocal\nMarkos Mejía - Guitarra/Coros\nGerardo Lozano - Bajo\nWilfredo Anacona - Bateria/Coros"}
 ]}
