{"identidad_confirmada": true,
 "pruebas_identidad": [
  {"url": "https://descargasmetalvenezolano.blogspot.com/2019/10/metalkinesia-capitulo-migracion-2019.html", "cita": "07. Rage (Alemania) - Blackened Karma 4:40"},
  {"url": "https://en.wikipedia.org/wiki/Rage_(German_band)", "cita": "Rage is a German heavy metal band formed in 1984 by Peter \"Peavy\" Wagner."},
  {"url": "https://www.rage-official.com/video/blackened-karma-official-video/", "cita": "BLACKENED KARMA (OFFICIAL VIDEO)"}
 ],
 "pais": {"valor": "Alemania", "url": "https://descargasmetalvenezolano.blogspot.com/2019/10/metalkinesia-capitulo-migracion-2019.html", "cita": "07. Rage (Alemania) - Blackened Karma 4:40"},
 "ciudad": {"valor": "Herne", "url": "https://en.wikipedia.org/wiki/Rage_(German_band)", "cita": "Herne, North Rhine-Westphalia, Germany"},
 "año_formacion": {"valor": 1984, "url": "https://en.wikipedia.org/wiki/Rage_(German_band)", "cita": "Rage is a German heavy metal band formed in 1984 by Peter \"Peavy\" Wagner."},
 "generos": [
  {"genero": "Heavy metal", "url": "https://en.wikipedia.org/wiki/Rage_(German_band)", "cita": "Rage is a German heavy metal band formed in 1984 by Peter \"Peavy\" Wagner."},
  {"genero": "Power metal", "url": "https://en.wikipedia.org/wiki/Rage_(German_band)", "cita": "Power metal· heavy metal· speed metal· progressive metal· symphonic metal"},
  {"genero": "Speed metal", "url": "https://en.wikipedia.org/wiki/Rage_(German_band)", "cita": "Power metal· heavy metal· speed metal· progressive metal· symphonic metal"},
  {"genero": "Progressive metal", "url": "https://en.wikipedia.org/wiki/Rage_(German_band)", "cita": "Power metal· heavy metal· speed metal· progressive metal· symphonic metal"},
  {"genero": "Symphonic metal", "url": "https://en.wikipedia.org/wiki/Rage_(German_band)", "cita": "Power metal· heavy metal· speed metal· progressive metal· symphonic metal"}
 ],
 "datos_para_biografia": [
  {"dato": "Se formó en 1984 bajo el nombre de Avenger.", "url": "https://en.wikipedia.org/wiki/Rage_(German_band)", "cita": "Rage was formed in 1984 under the name Avenger."},
  {"dato": "En 1996 fue una de las primeras bandas de metal en grabar un álbum con orquesta sinfónica completa (Lingua Mortis).", "url": "https://en.wikipedia.org/wiki/Rage_(German_band)", "cita": "In 1996, Rage became one of the first metal bands to write and record an album featuring a full symphonic orchestra: Lingua Mortis."},
  {"dato": "Acumula más de 50 lanzamientos y ventas superiores a cinco millones de discos.", "url": "https://en.wikipedia.org/wiki/Rage_(German_band)", "cita": "As of 2025, Rage have released 27 main studio albums (not counting the \"Refuge\" and \"LMO\" side projects) over their 40-year career, totaling more than 50 releases when including DVDs, EPs, Japanese editions, and VHS."}
 ]}
