{
  "identidad_confirmada": true,
  "pruebas_identidad": [
    {
      "url": "https://descargasmetalvenezolano.blogspot.com/2019/10/metalkinesia-capitulo-migracion-2019.html",
      "cita": "18. Sun Traitors (Australia) - Eternity 4:23"
    },
    {
      "url": "https://www.abc.net.au/triplejunearthed/artist/sun-traitors",
      "cita": "Combining elements of rock, grunge, metal and prog, Sun Traitors are becoming known for their high energy live shows in their hometown of Melbourne"
    }
  ],
  "pais": {
    "valor": "Australia",
    "url": "https://descargasmetalvenezolano.blogspot.com/2019/10/metalkinesia-capitulo-migracion-2019.html",
    "cita": "18. Sun Traitors (Australia) - Eternity 4:23"
  },
  "ciudad": {
    "valor": "Melbourne",
    "url": "https://www.abc.net.au/triplejunearthed/artist/sun-traitors",
    "cita": "Combining elements of rock, grunge, metal and prog, Sun Traitors are becoming known for their high energy live shows in their hometown of Melbourne"
  },
  "año_formacion": null,
  "generos": [
    {
      "genero": "Metal/Rock",
      "url": "https://www.abc.net.au/triplejunearthed/artist/sun-traitors",
      "cita": "Genres:\nMETALROCK\nMELBOURNE, VIC"
    },
    {
      "genero": "Alternative/hard rock (grunge, metal, psych, prog)",
      "url": "https://www.giventorock.com/2022/06/sun-traitors-crossroads.html",
      "cita": "Sun Traitors project a modern image of alternative/hard rock through their energetic live presentations and in their own words while borrowing inspiration from the past."
    }
  ],
  "datos_para_biografia": [
    {
      "dato": "Formación actual: Jim Charlemagne (voz y guitarra) e Iggy Torres (batería y coros)",
      "url": "https://www.giventorock.com/2022/06/sun-traitors-crossroads.html",
      "cita": "Jim Charlemagne on lead vocals and guitars, with Iggy Torres on drums and supporting vocals, is the band's creative engine, blending elements of grunge, metal, psych, and prog."
    },
    {
      "dato": "Activos en la escena en vivo de Melbourne desde su debut discográfico en 2018",
      "url": "https://www.giventorock.com/2022/06/sun-traitors-crossroads.html",
      "cita": "Sun Traitors have been a mainstay in Melbourne's live music scene since their debut release in 2018, whether it's on the stage or supporting the local rock community."
    },
    {
      "dato": "Toque venezolano en la batería",
      "url": "https://www.abc.net.au/triplejunearthed/artist/sun-traitors",
      "cita": "expect a plethora of riffs, solos, anthemic choruses and a little Venezuelan flare on the skins."
    }
  ]
}
