{"identidad_confirmada": true,
 "pruebas_identidad": [
  {"url":"https://alexxmattey.bandcamp.com/album/serenata-para-una-novia-vampira","cita":"SERENATA PARA UNA NOVIA VAMPIRA | ALEXIS MATTEY | Alexx Mattey"},
  {"url":"https://alexxmattey.bandcamp.com/album/serenata-para-una-novia-vampira","cita":"This is my pop album, l wrote this time, with the idea of checking myself how much mainstream l could get, not loosing my personality"},
  {"url":"https://trascendencia.rocks/alexx-mattey-celebra-40-anos-de-fucking-metal/","cita":"40 años de Fucking Metal es la recopilación de cuatro décadas de trabajo Alexx Mattey, músico venezolano, fundador de bandas como Metano, Glammer, Holy Pigs y su última agrupación en Venezuela: Máquina Animal."}
 ],
 "pais": {"valor":"Venezuela","url":"https://alexxmattey.bandcamp.com/album/serenata-una-novia-vampira","cita":"Músico venezolano con 40 años de trayectoria, fundador de bandas como los pioneros de Metano, Glammer, Holy Pigs y su última en Vzla, Máquina Animal."},
 "ciudad": null,
 "año_formacion": null,
 "generos": [
  {"genero":"dark hard rock","url":"https://alexxmattey.bandcamp.com/album/serenata-para-una-novia-vampira","cita":"dark hard rock"},
  {"genero":"metal","url":"https://alexxmattey.bandcamp.com/album/serenata-para-una-novia-vampira","cita":"metal"},
  {"genero":"gothic rock","url":"https://trascendencia.rocks/alexx-mattey-celebra-40-anos-de-fucking-metal/","cita":"sus múltiples influencias le permiten desde un punk al estilo vieja escuela, hasta un gothic rock con orquestación completa"}
 ],
 "datos_para_biografia": [
  {"dato":"Fundador de las bandas Metano, Glammer, Holy Pigs y su última agrupación en Venezuela, Máquina Animal.","url":"https://trascendencia.rocks/alexx-mattey-celebra-40-anos-de-fucking-metal/","cita":"fundador de bandas como Metano, Glammer, Holy Pigs y su última agrupación en Venezuela: Máquina Animal."},
  {"dato":"Residente en Estados Unidos desde 2001.","url":"https://alexxmattey.bandcamp.com/album/serenata-para-una-novia-vampira","cita":"Residente de los Estados Unidos desde el año 2001."},
  {"dato":"Graba principalmente todos los instrumentos y su estilo abarca desde punk vieja escuela hasta gothic rock orquestal, en inglés y español.","url":"https://trascendencia.rocks/alexx-mattey-celebra-40-anos-de-fucking-metal/","cita":"Mattey graba principalmente todos los instrumentos, en algunos trabajos cuenta con músicos invitados."}
 ]
}

Note: the country citation URL is https://alexxmattey.bandcamp.com/album/serenata-para-una-novia-vampira (I mistyped it above — corrected form is that one).
