{"identidad_confirmada": true,
 "pruebas_identidad": [
   {"url":"https://descargasmetalvenezolano.blogspot.com/2019/10/metalkinesia-capitulo-migracion-2019.html","cita":"22. Gruesome (USA) - A Waste of Life 6:00"},
   {"url":"https://www.metalkingdom.net/band/gruesome-22224","cita":"Gruesome - \"A Waste of Life\" on Relapse 30 Year Anniversary Sampler (Relapse Records, December 2020)"},
   {"url":"https://www.metalkingdom.net/band/gruesome-22224","cita":"Robin Mazen : Bass (2014-present) / Gus Ríos : Drums (2014-present) / Daniel Gonzalez : Guitars (2014-present) / Matt Harvey : Vocals, Guitars (2014-present)"},
   {"url":"https://gruesomedeathmetal.bandcamp.com/album/silent-echoes","cita":"GRUESOME return with Silent Echoes, a ferocious Death Metal onslaught, fueled by progressive, razor sharp musicianship. Celebrating over a decade as the finest purveyors of old-school Death Metal inspired by the legendary Chuck Schuldiner and the many iterations of Death"}
 ],
 "pais": {"valor":"United States","url":"https://www.metalkingdom.net/band/gruesome-22224","cita":"United States"},
 "ciudad": {"valor":"Arroyo Grande, California / Miami, Florida","url":"https://www.metalkingdom.net/band/gruesome-22224","cita":"April 2014, Arroyo Grande, California / Miami, Florida, United States"},
 "año_formacion": {"valor":2014,"url":"https://www.metalkingdom.net/band/gruesome-22224","cita":"Formed: April 2014, Arroyo Grande, California / Miami, Florida, United States"},
 "generos": [
   {"genero":"Death Metal","url":"https://www.metalkingdom.net/band/gruesome-22224","cita":"Genres: Death Metal"},
   {"genero":"Old-school Death Metal","url":"https://gruesomedeathmetal.bandcamp.com/album/silent-echoes","cita":"Celebrating over a decade as the finest purveyors of old-school Death Metal inspired by the legendary Chuck Schuldiner and the many iterations of Death"}
 ],
 "datos_para_biografia": [
   {"dato":"Nació como tributo explícito al legado de Death, a partir de la participación de Matt Harvey y Gus Ríos en las giras \"Death to All\"","url":"https://www.metalkingdom.net/band/gruesome-22224","cita":"Explicitly asserted as a tribute to the legacy of Death, Gruesome was born out of guitarist/vocalist Matt Harvey and drummer Gus Ríos' mutual involvement with the \"Death to All\" tours."},
   {"dato":"Integrada por veteranos del death metal: Matt Harvey (Exhumed), Daniel Gonzalez (Possessed), Robin Mazen y Gus Ríos","url":"https://www.metalkingdom.net/band/gruesome-22224","cita":"Matt Harvey : Vocals, Guitars (2014-present) / Daniel Gonzalez : Guitars (2014-present) / Robin Mazen : Bass (2014-present) / Gus Ríos : Drums (2014-present)"},
   {"dato":"Silent Echoes fue escrito y grabado en el espíritu de Human (1991) de Death y dedicado a Sean Reinert, baterista de Cynic/Death y mentor de Gus Ríos","url":"https://gruesomedeathmetal.bandcamp.com/album/silent-echoes","cita":"It was written and recorded in the spirit of DEATH's 1991 progressive death metal masterpiece, Human."}
 ]
}
