{"identidad_confirmada": true,
 "pruebas_identidad": [
  {"url": "https://denso2.bandcamp.com/album/almas-perdidas", "cita": "Blinded 04:45"},
  {"url": "https://www.sonidosocultos.com/noticia/denso-estrena-nuevo-videoclip-blinded/", "cita": "La agrupación de stoner psicodelic blues Denso, presenta su nuevo video para el tema «Blinded», pieza que es el primer adelanto de su EP «Almas perdidas»."},
  {"url": "https://denso2.bandcamp.com/album/almas-perdidas", "cita": "DENSO es una banda de Stoner rock y post-grunge, con marcadas bases de blues y toques de psicodelia, formada en el año 2018 por cuatro músicos venezolanos radicados en Viña del Mar"}
 ],
 "pais": {"valor": "Chile", "url": "https://denso2.bandcamp.com/album/almas-perdidas", "cita": "Viña Del Mar, Chile"},
 "ciudad": {"valor": "Viña del Mar", "url": "https://denso2.bandcamp.com/album/almas-perdidas", "cita": "Viña Del Mar, Chile"},
 "año_formacion": {"valor": 2018, "url": "https://denso2.bandcamp.com/album/almas-perdidas", "cita": "formada en el año 2018 por cuatro músicos venezolanos radicados en Viña del Mar"},
 "generos": [
  {"genero": "stoner rock", "url": "https://denso2.bandcamp.com/album/almas-perdidas", "cita": "DENSO es una banda de Stoner rock y post-grunge, con marcadas bases de blues y toques de psicodelia"},
  {"genero": "post-grunge", "url": "https://denso2.bandcamp.com/album/almas-perdidas", "cita": "DENSO es una banda de Stoner rock y post-grunge, con marcadas bases de blues y toques de psicodelia"},
  {"genero": "stoner psicodelic blues", "url": "https://www.sonidosocultos.com/noticia/denso-estrena-nuevo-videoclip-blinded/", "cita": "La agrupación de stoner psicodelic blues Denso, presenta su nuevo video para el tema «Blinded»"}
 ],
 "datos_para_biografia": [
  {"dato": "Formada por cuatro músicos venezolanos radicados en Viña del Mar: Chucho Negrón (voz/guitarra), Rodolfo “Chuck” Rivera (guitarra), Alejandro “Damage Boy” Rossell (bajo/contrabajo) y Luis Vázquez (batería)", "url": "https://denso2.bandcamp.com/album/almas-perdidas", "cita": "formada en el año 2018 por cuatro músicos venezolanos radicados en Viña del Mar, Chucho Negrón (Voz/Guitarra), Rodolfo “Chuck” Rivera (Guitarra), Alejandro “Damage Boy” Rossell (Bajo/contrabajo) y Luis Vázquez (Batería)"},
  {"dato": "«Blinded» fue el primer adelanto de su EP «Almas Perdidas»", "url": "https://www.sonidosocultos.com/noticia/denso-estrena-nuevo-videoclip-blinded/", "cita": "presenta su nuevo video para el tema «Blinded», pieza que es el primer adelanto de su EP «Almas perdidas»"},
  {"dato": "Su EP «Almas Perdidas» fue grabado, mezclado y masterizado en Casa Almendral Estudios (Valparaíso)", "url": "https://denso2.bandcamp.com/album/almas-perdidas", "cita": "La grabación, mezcla y masterización del disco estuvo a cargo de Marcelo Morales y Javier García, en Casa Almendral Estudios en Valparaíso"}
 ]
}
