{"identidad_confirmada": true,
 "pruebas_identidad": [
  {"url":"https://amoklauf.bandcamp.com/album/paths-of-shattered-thoughts","cita":"The Green River killer 01:57"},
  {"url":"https://soundcloud.com/amoklaufdeathmetal","cita":"Amoklauf - Green River Killer"},
  {"url":"https://www.youtube.com/channel/UCzl6ocHLH-JZB2s_9s5fHDA","cita":"Paths of Shattered Thoughts Amoklauf"}
 ],
 "pais": {"valor":"Argentina","url":"https://amoklauf.bandcamp.com/album/paths-of-shattered-thoughts","cita":"Buenos Aires, Argentina"},
 "ciudad": {"valor":"Buenos Aires","url":"https://amoklauf.bandcamp.com/album/paths-of-shattered-thoughts","cita":"Buenos Aires, Argentina"},
 "año_formacion": null,
 "generos": [
  {"genero":"death metal","url":"https://amoklauf.bandcamp.com/album/paths-of-shattered-thoughts","cita":"death metal"},
  {"genero":"brutal death metal","url":"https://amoklauf.bandcamp.com/album/paths-of-shattered-thoughts","cita":"brutal death metal"},
  {"genero":"technical death metal","url":"https://amoklauf.bandcamp.com/album/paths-of-shattered-thoughts","cita":"technical death metal"},
  {"genero":"death metal / brutal metal band","url":"https://www.facebook.com/amoklauf/","cita":"Amoklauf - death metal / brutal metal band"}
 ],
 "datos_para_biografia": [
  {"dato":"Amoklauf es una banda de death metal (técnico/brutal) radicada en Buenos Aires, Argentina","url":"https://soundcloud.com/amoklaufdeathmetal","cita":"Amoklauf Death Metal Buenos Aires, Argentina"},
  {"dato":"Publicó el álbum 'Mournful Prophecies Of A Dying World' en septiembre de 2014 y 'Paths of Shattered Thoughts' el 1 de septiembre de 2019","url":"https://amoklauf.bandcamp.com/album/paths-of-shattered-thoughts","cita":"Mournful Prophecies Of A Dying World sept de 2014"},
  {"dato":"En marzo de 2022 la banda anunció que trabajaba en material para su segundo disco","url":"https://www.facebook.com/amoklauf/","cita":"Venimos trabajando en nuevo material que formará parte de nuestro segundo disco, nuevos temas, nueva estética, pronto más novedades."}
 ]}
