{"identidad_confirmada": true,
 "pruebas_identidad": [
   {"url":"https://musicbrainz.org/artist/e168c66d-07ff-4bc8-8411-27f9f036f168","cita":"Pulmonary Fibrosis (French goregrind)\n~ Group"},
   {"url":"https://bandcamp.com/search?q=Autopsied%20Regurgitate%20Estenose&item_type=","cita":"PISTA\nAutopsied Regurgitate Estenose\nde Pulmonary Fibrosis / Archagathus Split, de Pulmonary Fibrosis"},
   {"url":"https://www.youtube.com/results?search_query=%22100+Goregrind%22+PornGore+CyberGrind+Pulmonary+Fibrosis","cita":"Pulmonary Fibrosis / Archagathus - Grinders Of Darkness LP FULL ALBUM (2023 - Goregrind / Mincegore) ... 2-way gore split featuring: ▻ Pulmonary Fibrosis, goregrind band from Yzeures-sur-Creuse, France since 1998 ▻ Archagathus, ... 1. Extra-Uterine | 2. Deep Vein Thrombosis | 3. Granulocyte Dysfunction | 4. Acute Respiratory Distress Syndrome | 5. Pungent Vomit Of Hepatic Fluids | 7. Autopsied Regurgitate Estenose | 8. Cystic Bronchiectasis"},
   {"url":"https://pulmonaryfibrosisofficial.bandcamp.com/","cita":"PULMONARY FIBROSIS\nFrance\nPxFx started in 1998, released tapes/cds/vinyls , toured all around the world & still spread his Nasal Naseous Vomit Liquid Goregrind."}
 ],
 "pais": {"valor":"France","url":"https://musicbrainz.org/artist/e168c66d-07ff-4bc8-8411-27f9f036f168","cita":"Founded in:\nYzeures-sur-Creuse, Indre-et-Loire, Centre-Val de Loire (Centre-Loire Valley), France\nArea:\nFrance"},
 "ciudad": {"valor":"Yzeures-sur-Creuse","url":"https://musicbrainz.org/artist/e168c66d-07ff-4bc8-8411-27f9f036f168","cita":"Founded in:\nYzeures-sur-Creuse, Indre-et-Loire, Centre-Val de Loire (Centre-Loire Valley), France"},
 "año_formacion": {"valor":1999,"url":"https://musicbrainz.org/artist/e168c66d-07ff-4bc8-8411-27f9f036f168","cita":"Type:\nGroup\nFounded:\n1999 (27 years ago)"},
 "generos": [
   {"genero":"Goregrind","url":"https://musicbrainz.org/artist/e168c66d-07ff-4bc8-8411-27f9f036f168","cita":"Tags\nGenres\ngoregrind"},
   {"genero":"Goregrind / Mincegore","url":"https://www.youtube.com/results?search_query=%22100+Goregrind%22+PornGore+CyberGrind+Pulmonary+Fibrosis","cita":"Pulmonary Fibrosis / Archagathus - Grinders Of Darkness LP FULL ALBUM (2023 - Goregrind / Mincegore)"}
 ],
 "datos_para_biografia": [
   {"dato":"Proyecto de goregrind francés activo desde 1998; ha editado cintas, CDs y vinilos y ha girado por todo el mundo, y sigue en activo bajo el nombre corto PxFx","url":"https://pulmonaryfibrosisofficial.bandcamp.com/","cita":"PxFx started in 1998, released tapes/cds/vinyls , toured all around the world & still spread his Nasal Naseous Vomit Liquid Goregrind."},
   {"dato":"Discografía muy extensa basada en splits (con Archagathus, Agathocles, Haggus, Inhumate, Gutslit, Kadaverficker, Tumour…) y recopilatorios propios como «Nasal Nauseous Vomit Liquid Goregrind History»","url":"https://musicbrainz.org/artist/e168c66d-07ff-4bc8-8411-27f9f036f168","cita":"Nasal Nauseous Vomit Liquid Goregrind History Volume 1 | Pulmonary Fibrosis | 2001 Pulmonary Fibrosis / Kadaverficker / Cyber Anal / Tumour | 2012 Supergrinding 6 Way Split"},
   {"dato":"Su tema «Autopsied Regurgitate Estenose» (el mismo de la recopilación) forma parte del split «Grinders of Darkness» con los canadienses Archagathus","url":"https://www.youtube.com/results?search_query=%22100+Goregrind%22+PornGore+CyberGrind+Pulmonary+Fibrosis","cita":"7. Autopsied Regurgitate Estenose | 8. Cystic Bronchiectasis | 9. Rehumanizer | 10. Livid Civilian | 11. Spiritual Rude Awakening | 12. Canada The Brutal"}
 ]
}
