{
  "identidad_confirmada": true,
  "pruebas_identidad": [
    {"url": "https://100bands.bandcamp.com/album/100-goregrind-porngore-cybergrind-bands-compilation-n-2", "cita": "016. Enema torture - 8"},
    {"url": "https://100bands.bandcamp.com/track/016-enema-torture-8", "cita": "016. Enema torture - 8 de 100 Goregrind, PornGore & CyberGrind Bands! (Compilation N°2), de 100 Bands NetLabel"},
    {"url": "https://holyporn.bandcamp.com/music", "cita": "Enema Torture Taiwan // Discovery Never Tell Us Truth - 直腸浣花 - Demo 2015 - Frail For Free - B.D.S.M Stage"},
    {"url": "https://holyporn.bandcamp.com/album/b-d-s-m-stage", "cita": "Etiquetas: metal goregrind grindcore porngrind pornogrind Taiwan"}
  ],
  "pais": {"valor": "Taiwan", "url": "https://holyporn.bandcamp.com/music", "cita": "Enema Torture\nTaiwan"},
  "ciudad": null,
  "año_formacion": null,
  "generos": [
    {"genero": "Goregrind", "url": "https://holyporn.bandcamp.com/album/b-d-s-m-stage", "cita": "Etiquetas metal goregrind grindcore porngrind pornogrind Taiwan"},
    {"genero": "Porngrind / Pornogrind", "url": "https://holyporn.bandcamp.com/album/b-d-s-m-stage", "cita": "porngrind pornogrind"},
    {"genero": "Grindcore", "url": "https://holyporn.bandcamp.com/album/b-d-s-m-stage", "cita": "grindcore"}
  ],
  "datos_para_biografia": [
    {"dato": "Su pista «8» figura en la compilación 100 Goregrind, PornGore & CyberGrind Bands! (Compilation N°2), publicada el 17 de agosto de 2017 por 100 Bands NetLabel (Colombia).", "url": "https://100bands.bandcamp.com/track/016-enema-torture-8", "cita": "de 100 Goregrind, PornGore & CyberGrind Bands! (Compilation N°2), se lanzó el 17deagostode2017"},
    {"dato": "Editó B.D.S.M Stage (álbum digital), lanzado el 12 de abril de 2014.", "url": "https://holyporn.bandcamp.com/album/b-d-s-m-stage", "cita": "se lanzó el 12deabrilde2014"},
    {"dato": "Discografía en Bandcamp: Discovery Never Tell Us Truth (enero 2017), 直腸浣花 (abril 2016), Demo 2015 (mayo 2015), Frail For Free y B.D.S.M Stage.", "url": "https://holyporn.bandcamp.com/album/b-d-s-m-stage", "cita": "Discovery Never Tell Us Truth enede2017 / 直腸浣花 abrde2016 / Demo 2015 mayde2015"}
  ]
}
