{"identidad_confirmada": true,
 "pruebas_identidad": [
   {"url": "https://deprauationemhansautopsy.bandcamp.com/album/magic-sexxx-2015",
    "cita": "de DEPRAUATIONEM HANS AUTOPSY ... 4. Morbo Mongolico 02:11"},
   {"url": "https://deprauationemhansautopsy.bandcamp.com/",
    "cita": "Groovy Gore grind from Guayaquil - Ecuador"},
   {"url": "https://www.spirit-of-metal.com/en/band/Deprahuationem_Hans_Autopsy",
    "cita": "Style Porno Gore Grind ... Country Ecuador ... City Guayaquil"}
 ],
 "pais": {"valor": "Ecuador", "url": "https://deprauationemhansautopsy.bandcamp.com/", "cita": "Guayaquil, Ecuador"},
 "ciudad": {"valor": "Guayaquil", "url": "https://deprauationemhansautopsy.bandcamp.com/", "cita": "Groovy Gore grind from Guayaquil - Ecuador"},
 "año_formacion": {"valor": 2012, "url": "https://www.spirit-of-metal.com/en/band/Deprahuationem_Hans_Autopsy", "cita": "Formed In 2012"},
 "generos": [
   {"genero": "Porno Gore Grind", "url": "https://www.spirit-of-metal.com/en/band/Deprahuationem_Hans_Autopsy", "cita": "Porno Gore Grind"},
   {"genero": "Groovy Gore grind", "url": "https://deprauationemhansautopsy.bandcamp.com/", "cita": "Groovy Gore grind from Guayaquil - Ecuador"},
   {"genero": "goregrind / pornogrind", "url": "https://deprauationemhansautopsy.bandcamp.com/album/magic-sexxx-2015", "cita": "goregrind pornogrind"}
 ],
 "datos_para_biografia": [
   {"dato": "Miembros: Kevin (bateria), Axel (guitarra), Jeziel (voz), Lee (bajo)", "url": "https://www.spirit-of-metal.com/en/band/Deprahuationem_Hans_Autopsy", "cita": "Kevin Drums Axel Guitar Jeziel Vocals Lee Bass"},
   {"dato": "Publico el album Magic Sexxx el 15 de octubre de 2014", "url": "https://deprauationemhansautopsy.bandcamp.com/album/magic-sexxx-2015", "cita": "se lanzo el 15deoctubrede2014"},
   {"dato": "Tiene un demo titulado TRAPED IN VAGINAL SKIN (DEMO 2012)", "url": "https://deprauationemhansautopsy.bandcamp.com/album/magic-sexxx-2015", "cita": "TRAPED IN VAGINAL SKIN (DEMO 2012)"}
 ]}
