{"identidad_confirmada": true,
 "pruebas_identidad": [
  {"url":"https://kadaverficker.bandcamp.com/track/weiber-mit-ner-metalkutte","cita":"Weiber mit ner Metalkutte... de KADAVERFICKER"},
  {"url":"https://kadaverficker.bandcamp.com/track/weiber-mit-ner-metalkutte","cita":"Existing since 1993 Kadaverficker spreads ugly Nekrokore! A mixture between Death Metal, Punk, Grindcore and Sludge!"},
  {"url":"https://kadaverficker.bandcamp.com/track/weiber-mit-ner-metalkutte","cita":"Taken from the Split 7\" with SEMEN"}
 ],
 "pais": {"valor":"Germany","url":"https://kadaverficker.bandcamp.com/track/weiber-mit-ner-metalkutte","cita":"Dortmund, Germany"},
 "ciudad": {"valor":"Dortmund","url":"https://kadaverficker.bandcamp.com/track/weiber-mit-ner-metalkutte","cita":"Dortmund, Germany"},
 "año_formacion": {"valor":1993,"url":"https://kadaverficker.bandcamp.com/track/weiber-mit-ner-metalkutte","cita":"Existing since 1993 Kadaverficker spreads ugly Nekrokore!"},
 "generos": [
  {"genero":"grindcore","url":"https://kadaverficker.bandcamp.com/track/weiber-mit-ner-metalkutte","cita":"grindcore"},
  {"genero":"death metal","url":"https://kadaverficker.bandcamp.com/track/weiber-mit-ner-metalkutte","cita":"death metal"},
  {"genero":"doom metal","url":"https://kadaverficker.bandcamp.com/track/weiber-mit-ner-metalkutte","cita":"doom metal"},
  {"genero":"punkrock","url":"https://kadaverficker.bandcamp.com/track/weiber-mit-ner-metalkutte","cita":"punkrock"},
  {"genero":"Nekrokore","url":"https://kadaverficker.bandcamp.com/track/weiber-mit-ner-metalkutte","cita":"Kadaverficker spreads ugly Nekrokore! A mixture between Death Metal, Punk, Grindcore and Sludge!"}
 ],
 "datos_para_biografia": [
  {"dato":"Grindcore alemán de Dortmund, activo desde 1993, que define su estilo como «Nekrokore», mezcla de death metal, punk, grindcore y sludge.","url":"https://kadaverficker.bandcamp.com/track/weiber-mit-ner-metalkutte","cita":"Existing since 1993 Kadaverficker spreads ugly Nekrokore! A mixture between Death Metal, Punk, Grindcore and Sludge!"},
  {"dato":"La pista «Weiber mit ner Metalkutte...» proviene del split 7\" con SEMEN y se publicó el 6 de mayo de 2016 (grabada en Leichenhallen MK-III).","url":"https://kadaverficker.bandcamp.com/track/weiber-mit-ner-metalkutte","cita":"Taken from the Split 7\" with SEMEN / se lanzó el 6demayode2016 / Recorded, mixed and produced at the Leichenhallen MK-III by Kadaverficker and Jay Edge"},
  {"dato":"Discografía propia en Bandcamp con 44 lanzamientos, entre ellos 'Kaos Nekros Kosmos (Full Album)' (2020), 'KFFM 931.8 (Full Album)' (2018) y 'Nekrokore is Love (Full Album)' (2015).","url":"https://kadaverficker.bandcamp.com/track/weiber-mit-ner-metalkutte","cita":"44  lanzamientos · Kaos Nekros Kosmos (Full Album) ago de 2020 · KFFM 931.8 (Full Album) ene de 2018 · Nekrokore is Love (Full Album) mar de 2015"}
 ]}
