{"identidad_confirmada": true,
 "pruebas_identidad": [
   {"url":"https://clitorisamputator.bandcamp.com/album/clitoris-amputator-cum-frapp-demo-2016","cita":"Cum Frappé"},
   {"url":"https://www.spirit-of-metal.com/en/band/Clitoris_Amputator","cita":"Cum Frappé Cum Frappé Demo - 2016"},
   {"url":"https://clitorisamputator.bandcamp.com/album/clitoris-amputator-cum-frapp-demo-2016","cita":"metal pornogore cum goregrind hungarian hungary noisegrind pornogore pornogrind pussy. sperm Hungary"}
 ],
 "pais": {"valor":"Hungary","url":"https://www.spirit-of-metal.com/en/band/Clitoris_Amputator","cita":"Country Hungary"},
 "ciudad": null,
 "año_formacion": {"valor":2015,"url":"https://www.spirit-of-metal.com/en/band/Clitoris_Amputator","cita":"Formed In 2015"},
 "generos": [
   {"genero":"Porno Gore Grind","url":"https://www.spirit-of-metal.com/en/band/Clitoris_Amputator","cita":"Style Porno Gore Grind"},
   {"genero":"pornogore","url":"https://clitorisamputator.bandcamp.com/album/clitoris-amputator-cum-frapp-demo-2016","cita":"pornogore"},
   {"genero":"goregrind","url":"https://clitorisamputator.bandcamp.com/album/clitoris-amputator-cum-frapp-demo-2016","cita":"goregrind"},
   {"genero":"noisegrind","url":"https://clitorisamputator.bandcamp.com/album/clitoris-amputator-cum-frapp-demo-2016","cita":"noisegrind"}
 ],
 "datos_para_biografia": [
   {"dato":"Formación: Mr. Fistula (voz) y Teddy Fields (bajo)","url":"https://www.spirit-of-metal.com/en/band/Clitoris_Amputator","cita":"Mr. Fistula Vocals Teddy Fields Bass"},
   {"dato":"El demo Cum Frappé se publicó el 2 de julio de 2016","url":"https://clitorisamputator.bandcamp.com/album/clitoris-amputator-cum-frapp-demo-2016","cita":"se lanzó el 2dejuliode2016"},
   {"dato":"En 2017 publicó el split Clitoris Amputator & Gonzo","url":"https://clitorisamputator.bandcamp.com/","cita":"Clitoris Amputator & Gonzo SPLIT (2017)"}
 ]}
