{"identidad_confirmada": true,
 "pruebas_identidad": [
   {"url": "https://100bands.bandcamp.com/album/100-goregrind-porngore-cybergrind-bands-compilation-n-2",
    "cita": "065. Testicular cancer - Knulla hunden 02:05"},
   {"url": "https://www.spirit-of-metal.com/en/band/Testicular_Cancer",
    "cita": "Style Porno Gore Grind Status Active Formed In 2013 Country Sweden City Stockholm"}
 ],
 "pais": {"valor": "Sweden", "url": "https://www.spirit-of-metal.com/en/band/Testicular_Cancer", "cita": "Country Sweden"},
 "ciudad": {"valor": "Stockholm", "url": "https://www.spirit-of-metal.com/en/band/Testicular_Cancer", "cita": "City Stockholm"},
 "año_formacion": {"valor": 2013, "url": "https://www.spirit-of-metal.com/en/band/Testicular_Cancer", "cita": "Formed In 2013"},
 "generos": [
   {"genero": "Porno Gore Grind", "url": "https://www.spirit-of-metal.com/en/band/Testicular_Cancer", "cita": "Style Porno Gore Grind"}
 ],
 "datos_para_biografia": [
   {"dato": "Participa en la compilación «100 Goregrind, PornGore & CyberGrind Bands! (Compilation N°2)» del sello 100 Bands NetLabel con el tema «Knulla hunden» (pista 65).",
    "url": "https://100bands.bandcamp.com/album/100-goregrind-porngore-cybergrind-bands-compilation-n-2",
    "cita": "065. Testicular cancer - Knulla hunden 02:05"},
   {"dato": "Discografía de estudio: Testicular Cancer (2016), 8 Songs to Fuck to (2018) y The Testicular Zone (2020).",
    "url": "https://www.spirit-of-metal.com/en/band/Testicular_Cancer",
    "cita": "The Testicular Zone The Testicular Zone Album - 2020"},
   {"dato": "Alineación: Fredrik 'Mr.Poo' Palo (voz, guitarra, todos los instrumentos y programación).",
    "url": "https://www.spirit-of-metal.com/en/band/Testicular_Cancer",
    "cita": "Fredrik 'Mr.Poo' Palo Vocals, Guitar, All instruments, Programming"}
 ]}
