{"identidad_confirmada": true,
 "pruebas_identidad": [
  {"url":"https://100bands.bandcamp.com/album/100-goregrind-porngore-cybergrind-bands-compilation-n-2","cita":"068. Menstruating cunt - The rape babe"},
  {"url":"https://api.discogs.com/releases/10982244","cita":"\"position\": \"68\", \"type_\": \"track\", \"artists\": [{\"name\": \"Menstruating Cunt\", \"anv\": \"\", \"join\": \"\", \"role\": \"\", \"tracks\": \"\", \"id\": 998801, \"resource_url\": \"https://api.discogs.com/artists/998801\"}], \"title\": \"The Rape Babe\""},
  {"url":"https://api.discogs.com/artists/998801","cita":"\"profile\": \"Goregrind, Pornogrind band from Netherlands.\" ... \"members\": [{\"id\": 3337810, \"name\": \"Lafawijn\", \"resource_url\": \"https://api.discogs.com/artists/3337810\", \"active\": true}] ... \"title\": \"100 Goregrind Porngore Cybergrind Bands Compilation Vol. 2\", \"year\": 2017"},
  {"url":"https://web.archive.org/web/20091027070205/http://www.myspace.com/menstruatingcunt","cita":"Menstruating Cunt Gore-Grind from Balkbrug!!! Balkbrug, Overijssel Países Bajos ... Sitio Web de la banda http://www.myspace.com/lafawijnrecords ... Miembros de la banda Lafawijn = Programming, sampeling, vocals"}
 ],
 "pais": {"valor":"Netherlands (Países Bajos)","url":"https://api.discogs.com/artists/998801","cita":"Goregrind, Pornogrind band from Netherlands."},
 "ciudad": {"valor":"Balkbrug, Overijssel","url":"https://web.archive.org/web/20091027070205/http://www.myspace.com/menstruatingcunt","cita":"Balkbrug, Overijssel"},
 "año_formacion": null,
 "generos": [
  {"genero":"Goregrind","url":"https://api.discogs.com/artists/998801","cita":"Goregrind, Pornogrind band from Netherlands."},
  {"genero":"Pornogrind","url":"https://api.discogs.com/artists/998801","cita":"Goregrind, Pornogrind band from Netherlands."},
  {"genero":"Gore-Grind","url":"https://web.archive.org/web/20091027070205/http://www.myspace.com/menstruatingcunt","cita":"Menstruating Cunt Gore-Grind from Balkbrug!!!"}
 ],
 "datos_para_biografia": [
  {"dato":"Proyecto en solitario de Lafawijn (programación, sampling y voces), dueño del sello Lafawijn Records.","url":"https://web.archive.org/web/20091027070205/http://www.myspace.com/menstruatingcunt","cita":"Lafawijn = Programming, sampeling, vocals"},
  {"dato":"Su tema «The Rape Babe» es el track 68 de «100 Goregrind, PornGore & CyberGrind Bands! (Compilation N°2)» de 100 Bands NetLabel (2017).","url":"https://100bands.bandcamp.com/album/100-goregrind-porngore-cybergrind-bands-compilation-n-2","cita":"068. Menstruating cunt - The rape babe"},
  {"dato":"Editó el CDr «I Love Bleeding Bitches» (2007, Ratata Records, Países Bajos), limitado a 100 copias manuscritas.","url":"https://api.discogs.com/releases/6423364","cita":"Limited to 100 handwritten CDr's"}
 ]}
