{"identidad_confirmada": true,
 "pruebas_identidad": [
  {"url":"https://web.archive.org/web/20170118181133/https://insufferable.bandcamp.com/album/insufferable-mordecai-mapper","cita":"Insufferable - Scourge 00:23"},
  {"url":"https://100bands.bandcamp.com/album/100-goregrind-porngore-cybergrind-bands-compilation-n-2","cita":"096. Insufferable - Scourge 00:23"},
  {"url":"https://web.archive.org/web/20210316153641/https://insufferable.bandcamp.com/","cita":"Noisy Grind Hell."}
 ],
 "pais": {"valor":"Reino Unido (UK)","url":"https://web.archive.org/web/20170118181133/https://insufferable.bandcamp.com/album/insufferable-mordecai-mapper","cita":"Rosyth, UK"},
 "ciudad": {"valor":"Rosyth","url":"https://web.archive.org/web/20170118181133/https://insufferable.bandcamp.com/album/insufferable-mordecai-mapper","cita":"Rosyth, UK"},
 "año_formacion": null,
 "generos": [
  {"genero":"noisecore","url":"https://web.archive.org/web/20170118181133/https://insufferable.bandcamp.com/album/insufferable-mordecai-mapper","cita":"digital hardcore harsh noise noisecore power electronics powerviolence"},
  {"genero":"digital hardcore","url":"https://web.archive.org/web/20170118181133/https://insufferable.bandcamp.com/album/insufferable-mordecai-mapper","cita":"digital hardcore harsh noise noisecore power electronics powerviolence"},
  {"genero":"harsh noise","url":"https://web.archive.org/web/20170118181133/https://insufferable.bandcamp.com/album/insufferable-mordecai-mapper","cita":"digital hardcore harsh noise noisecore power electronics powerviolence"},
  {"genero":"power electronics","url":"https://web.archive.org/web/20170118181133/https://insufferable.bandcamp.com/album/insufferable-mordecai-mapper","cita":"digital hardcore harsh noise noisecore power electronics powerviolence"},
  {"genero":"powerviolence","url":"https://web.archive.org/web/20170118181133/https://insufferable.bandcamp.com/album/insufferable-mordecai-mapper","cita":"digital hardcore harsh noise noisecore power electronics powerviolence"},
  {"genero":"Goregrind / Cybergrind","url":"https://100bands.bandcamp.com/album/100-goregrind-porngore-cybergrind-bands-compilation-n-2","cita":"100 Goregrind, PornGore & CyberGrind Bands! (Compilation N°2)"}
 ],
 "datos_para_biografia": [
  {"dato":"Proyecto de noise/grind escocés autodefinido con el eslogan 'Scumbag Scotland's unsavory soundscapes'.","url":"https://web.archive.org/web/20170118181133/https://insufferable.bandcamp.com/album/insufferable-mordecai-mapper","cita":"Scumbag Scotland's unsavory soundscapes."},
  {"dato":"Publicó el split 'Insufferable / Mordecai Mapper' el 7 de agosto de 2016, con los temas Body Drug, Slavering Pish, Pressure, Scourge, Bruitisme y Dystopia.","url":"https://web.archive.org/web/20170118181133/https://insufferable.bandcamp.com/album/insufferable-mordecai-mapper","cita":"released August 7, 2016"},
  {"dato":"Su discografía incluye las referencias 'Primal Noise Violence', 'Dissonance' y 'Relentless Assault'.","url":"https://web.archive.org/web/20170118181133/https://insufferable.bandcamp.com/album/insufferable-mordecai-mapper","cita":"Primal Noise Violence"}
 ]}
