{"identidad_confirmada": true,
 "pruebas_identidad": [
   {"url": "https://100bands.bandcamp.com/track/099-pure-fun-lord-of-the-cockrings-cum-book-cover", "cita": "099. Pure fun - Lord of The Cockrings (Cum Book cover)"},
   {"url": "https://www.youtube.com/@puref.u.n2882/videos", "cita": "Lord of The Cockrings (Cum Book cover)"},
   {"url": "https://www.youtube.com/watch?v=cL1YYvmSSZA", "cita": "My version of Lord of the Cockrings yes this is a cover song with added vocals enjoy and stay FUCKING GRINDING BITCH."}
 ],
 "pais": {"valor": "Estados Unidos", "url": "https://www.youtube.com/@puref.u.n2882/about", "cita": "Estados Unidos"},
 "ciudad": null,
 "año_formacion": null,
 "generos": [
   {"genero": "grindcore", "url": "https://100bands.bandcamp.com/track/099-pure-fun-lord-of-the-cockrings-cum-book-cover", "cita": "grindcore"},
   {"genero": "goregrind", "url": "https://100bands.bandcamp.com/album/100-goregrind-porngore-cybergrind-bands-compilation-n-2", "cita": "goregrind"},
   {"genero": "cybergrind", "url": "https://100bands.bandcamp.com/album/100-goregrind-porngore-cybergrind-bands-compilation-n-2", "cita": "cybergrind"},
   {"genero": "porngrind", "url": "https://100bands.bandcamp.com/album/100-goregrind-porngore-cybergrind-bands-compilation-n-2", "cita": "porngrind"}
 ],
 "datos_para_biografia": [
   {"dato": "Proyecto de una sola persona ('one man band') que publicaba sus álbumes gratis, con enlace a su Bandcamp purefun1.bandcamp.com (hoy eliminado)", "url": "https://www.youtube.com/@puref.u.n2882/about", "cita": "I am a one man band type of thing so here is free albums enjoy SUBSCRIBE FOR I MIGHT MAKE CRAPPY VIDEOS FOR THEM BYE SEE YOU LATTER https://purefun1.bandcamp.com/"},
   {"dato": "Su tema 'Lord of The Cockrings (Cum Book cover)' es una versión (cover) con voces añadidas, subida a YouTube el 24 de noviembre de 2016", "url": "https://www.youtube.com/watch?v=cL1YYvmSSZA", "cita": "My version of Lord of the Cockrings yes this is a cover song with added vocals enjoy and stay FUCKING GRINDING BITCH-"},
   {"dato": "Firmó la pista 099 de la compilación '100 Goregrind, PornGore & CyberGrind Bands! (Compilation N°2)' (100 Bands NetLabel, 17 de agosto de 2017)", "url": "https://100bands.bandcamp.com/track/099-pure-fun-lord-of-the-cockrings-cum-book-cover", "cita": "099. Pure fun - Lord of The Cockrings (Cum Book cover)"}
 ]}
