{"identidad_confirmada": true,
 "pruebas_identidad": [
  {"url":"https://musicbrainz.org/release/9ded0f0f-b5fb-475c-aafb-62844a9417ee","cita":"7 | Alma en el mundo material cover recording of: Alma en el mundo material translated version of: Spirits in the Material World | Puya"},
  {"url":"https://musicbrainz.org/artist/e8f6df39-a784-42f4-a0a7-67d62b6a8e92","cita":"Puya (Puerto Rican metal band)"},
  {"url":"https://en.wikipedia.org/wiki/Puya_(band)","cita":"They also recorded a cover of The Police's \"Spirits in the Material World\" in Spanish, with the title \"Almas en un mundo material\"."}
 ],
 "pais": {"valor":"Puerto Rico","url":"https://es.wikipedia.org/wiki/Puya_(banda)","cita":"Puya es una banda de heavy metal proveniente de San Juan de Puerto Rico, que fue formada, originalmente, como un proyecto instrumental en 1988."},
 "ciudad": {"valor":"San Juan","url":"https://es.wikipedia.org/wiki/Puya_(banda)","cita":"Puya es una banda de heavy metal proveniente de San Juan de Puerto Rico, que fue formada, originalmente, como un proyecto instrumental en 1988."},
 "año_formacion": {"valor":1991,"url":"https://en.wikipedia.org/wiki/Puya_(band)","cita":"Puya is a Puerto Rican rock band. Formed in 1991, the band rose to prominence with their fusion of jazz, salsa and heavy metal."},
 "generos": [
  {"genero":"progressive metal","url":"https://musicbrainz.org/artist/e8f6df39-a784-42f4-a0a7-67d62b6a8e92","cita":"Genres: latin rock progressive metal"},
  {"genero":"latin rock","url":"https://musicbrainz.org/artist/e8f6df39-a784-42f4-a0a7-67d62b6a8e92","cita":"Genres: latin rock progressive metal"},
  {"genero":"rock en español","url":"https://en.wikipedia.org/wiki/Puya_(band)","cita":"Genres: Progressive metal· jazz· salsa· rock en español· Latin alternative"},
  {"genero":"salsa","url":"https://en.wikipedia.org/wiki/Puya_(band)","cita":"Genres: Progressive metal· jazz· salsa· rock en español· Latin alternative"}
 ],
 "datos_para_biografia": [
  {"dato":"Fue la primera banda de rock puertorriqueña en alcanzar un alto nivel de éxito internacional.","url":"https://en.wikipedia.org/wiki/Puya_(band)","cita":"Puya was the first Puerto Rican rock band to achieve a high level of international success."},
  {"dato":"Gustavo Santaolalla los fichó para MCA y en 1999 publicaron Fundamental; tocaron en la segunda tarima del Ozzfest 1999 compartiendo con Slipknot.","url":"https://en.wikipedia.org/wiki/Puya_(band)","cita":"There they also met producer Gustavo Santaolalla who signed them to MCA and in 1999 released their second album, Fundamental, which received critical praise. This propelled the band to stardom even landing them in the second stage of \"Ozzfest\" where they shared the opening slot with Slipknot in 1999."},
  {"dato":"La Wikipedia en español data su formación original como proyecto instrumental en 1988 bajo el nombre Whisker Biscuit, con entrada de Sergio Curbelo en 1992.","url":"https://es.wikipedia.org/wiki/Puya_(banda)","cita":"Formado bajo el nombre de \"Whisker Biscuit\" en 1988 y originalmente un proyecto instrumental, Puya añadió al vocalista Sergio Curbelo en 1992, quien se mudó a Fort Lauderdale, Florida, donde crearon una mezcla de metal y salsa pesada con la ayuda de Jeff Renza y la productora Boiz Noiz."}
 ]}
