{
  "identidad_confirmada": true,
  "pruebas_identidad": [
    {
      "url": "https://www.spirit-of-metal.com/en/band/Slamophiliac",
      "cita": "Nikol Aira Rose (aka Darryn Palmer, aka Doomgrinder, aka Dat Wigga Dazz) Vocals, All instruments Spilling Entrails, ex-Insidious Asphyxiation, ex-Slutrot, ex-Slam Induced Groove, ex-Accepting The Apocalypse, ex-Human Carcass Crop Circle, ex-Anal Bush, ex-Necroexophilia, ex-Nervectomy, Perverse Imagery"
    },
    {
      "url": "https://soundcloud.com/slamophiliac",
      "cita": "Brutal death metal musician behind the bands Slamophiliac, Spilling Entrails, Perverse Imagery and others!"
    },
    {
      "url": "https://soundcloud.com/slamophiliac",
      "cita": "Darryn Palmer | San Antonio, Texas"
    }
  ],
  "pais": {
    "valor": "USA",
    "url": "https://www.spirit-of-metal.com/en/band/Slamophiliac",
    "cita": "Country USA"
  },
  "ciudad": {
    "valor": "San Antonio",
    "url": "https://soundcloud.com/slamophiliac",
    "cita": "San Antonio, Texas"
  },
  "año_formacion": {
    "valor": 2013,
    "url": "https://www.spirit-of-metal.com/en/band/Slamophiliac",
    "cita": "Formed In 2013"
  },
  "generos": [
    {
      "genero": "Brutal Death",
      "url": "https://www.spirit-of-metal.com/en/band/Slamophiliac",
      "cita": "Style Brutal Death"
    },
    {
      "genero": "Brutal death metal",
      "url": "https://soundcloud.com/slamophiliac",
      "cita": "Brutal death metal musician behind the bands Slamophiliac, Spilling Entrails, Perverse Imagery and others!"
    },
    {
      "genero": "Slamming Brutal Death Metal",
      "url": "https://soundcloud.com/slamophiliac",
      "cita": "# Slamming Brutal Death Metal"
    }
  ],
  "datos_para_biografia": [
    {
      "dato": "Proyecto unipersonal de Nikol Aira Rose (también conocido como Darryn Palmer): voz y todos los instrumentos.",
      "url": "https://www.spirit-of-metal.com/en/band/Slamophiliac",
      "cita": "Nikol Aira Rose (aka Darryn Palmer, aka Doomgrinder, aka Dat Wigga Dazz) Vocals, All instruments"
    },
    {
      "dato": "Su miembro principal viene de Human Carcass Crop Circle, el proyecto del disco 'Exhibits Of Carnal Artistr'.",
      "url": "https://www.spirit-of-metal.com/en/band/Slamophiliac",
      "cita": "ex-Human Carcass Crop Circle"
    },
    {
      "dato": "Nombre anterior: Slam Induced Groove.",
      "url": "https://www.spirit-of-metal.com/en/band/Slamophiliac",
      "cita": "Previous Names Slam Induced Groove"
    }
  ]
}
