{
  "identidad_confirmada": true,
  "pruebas_identidad": [
    {
      "url": "https://humancarcasscropcircle.bandcamp.com/album/rotten-bowels-5-way-split",
      "cita": "1 Perverted Dexterity – Dissecting The Infected Entrails 1:41 | 2 Perverted Dexterity – Ingested Piece By Piece 2:05 | 3 Perverted Dexterity – Rotten Fetus From A Putrefied Womb 2:26"
    },
    {
      "url": "https://humancarcasscropcircle.bandcamp.com/album/rotten-bowels-5-way-split",
      "cita": "Split by : Putrefy The Living / Anomalistic / Human Carcass Crop Circle / Perverted Dexterity / Human Decomposition — Label : Lower Budget Records"
    },
    {
      "url": "https://www.spirit-of-metal.com/en/band/Perverted_Dexterity",
      "cita": "Line-up Januaryo Hardy Vocals, All instruments Bloodriven, Urged"
    }
  ],
  "pais": {
    "valor": "Indonesia",
    "url": "https://www.spirit-of-metal.com/en/band/Perverted_Dexterity",
    "cita": "Country Indonesia"
  },
  "ciudad": {
    "valor": "Bekasi",
    "url": "https://www.spirit-of-metal.com/en/band/Perverted_Dexterity",
    "cita": "City Bekasi"
  },
  "año_formacion": {
    "valor": 2010,
    "url": "https://www.spirit-of-metal.com/en/band/Perverted_Dexterity",
    "cita": "Formed In 2010"
  },
  "generos": [
    {
      "genero": "Brutal Death Metal",
      "url": "https://www.spirit-of-metal.com/en/band/Perverted_Dexterity",
      "cita": "Style Brutal Death"
    }
  ],
  "datos_para_biografia": [
    {
      "dato": "Contribuye con tres canciones al split «Rotten Bowels: 5-Way Split», editado por Lower Budget Records el 24 de noviembre de 2013 y compartido con Putrefy The Living, Anomalistic, Human Carcass Crop Circle y Human Decomposition",
      "url": "https://humancarcasscropcircle.bandcamp.com/album/rotten-bowels-5-way-split",
      "cita": "Released by Lower Budget Records ... se lanzó el 24denoviembrede2013"
    },
    {
      "dato": "Proyecto de un solo músico, Januaryo Hardy (voz y todos los instrumentos), también vinculado a Bloodriven y Urged",
      "url": "https://www.spirit-of-metal.com/en/band/Perverted_Dexterity",
      "cita": "Januaryo Hardy Vocals, All instruments Bloodriven, Urged"
    },
    {
      "dato": "Discografía de estudio: Primitive Scene of Inhumanity (2014), Spiritual Awakening (2017) y Alacrity for Contemptuous Dissonance (2021)",
      "url": "https://www.spirit-of-metal.com/en/band/Perverted_Dexterity",
      "cita": "Primitive Scene of Inhumanity Album - 2014 13/20 Spiritual Awakening Album - 2017 14/20 Alacrity for Contemptuous Dissonance Album - 2021 15/20"
    }
  ]
}
