{"identidad_confirmada": true,
 "pruebas_identidad": [
   {"url":"https://humancarcasscropcircle.bandcamp.com/album/rotten-bowels-5-way-split","cita":"Anomalistic (Bra)\nDeformed by Morbid Experiments\nHorrid Death\nNecrophilic Disgorge\nProfanation of the Paralyzed"},
   {"url":"https://humancarcasscropcircle.bandcamp.com/album/rotten-bowels-5-way-split","cita":"18 Anomalistic – Sadistic Disfigurement 4:23"},
   {"url":"https://anomalistic.bandcamp.com/music","cita":"2 Men Band from Sao Paulo, Brazil."}
 ],
 "pais": {"valor":"Brasil","url":"https://anomalistic.bandcamp.com/music","cita":"São Paulo, Brazil"},
 "ciudad": {"valor":"São Paulo","url":"https://anomalistic.bandcamp.com/music","cita":"2 Men Band from Sao Paulo, Brazil."},
 "año_formacion": {"valor":2014,"url":"https://sametalindex.com/band/anomalistic","cita":"São Paulo, BR · 2014–present · active"},
 "generos": [
   {"genero":"Brutal death metal","url":"https://sametalindex.com/band/anomalistic","cita":"BRUTAL DEATH METAL"},
   {"genero":"Slam","url":"https://sametalindex.com/band/anomalistic","cita":"SLAM"},
   {"genero":"Brutal death metal / deathgrind / goregrind / slamming brutal death metal","url":"https://humancarcasscropcircle.bandcamp.com/album/rotten-bowels-5-way-split","cita":"brutal death metal deathgrind goregrind grindcore slamming brutal death metal"}
 ],
 "datos_para_biografia": [
   {"dato":"Banda de dos integrantes: vocalista Fabio K y guitarrista João Holzer","url":"https://sametalindex.com/band/anomalistic","cita":"Anomalistic is a two-piece slam and brutal death metal band from São Paulo, Brazil, consisting of vocalist Fabio K and guitarist João Holzer."},
   {"dato":"Discografía: \"Butchery\" (2013), \"Dissecting the Living\" (2014), \"Human Decimation\" y \"Azoic\" (2020)","url":"https://sametalindex.com/band/anomalistic","cita":"their discography includes the albums \"Butchery\" (2013), \"Dissecting the Living\" (2014), \"Human Decimation,\" and \"Azoic\" (2020)."},
   {"dato":"Contribuyó 6 temas al split \"Rotten Bowels: 5-Way Split\" (Lower Budget Records, 2013)","url":"https://humancarcasscropcircle.bandcamp.com/album/rotten-bowels-5-way-split","cita":"13 Anomalistic – Deformed By Morbid Experiments 3:17\n14 Anomalistic – Horrid Death 4:25"}
 ]
}
