{"identidad_confirmada": true,
 "pruebas_identidad": [
  {"url": "https://www.spirit-of-metal.com/en/album/8_Way's_Split_of_Sadistik_Shit/234806",
   "cita": "CLITOGUSANO ESPERMATIDE ... 10. El Pordiosero, Gran Satiro de los Fetos Muertos 11. Muerte a la Vieja Puta (Hora de la Vengeanza) 12. Los 4 Balazos Que Te Meti en la Concha No Son Suficientes"},
  {"url": "https://www.spirit-of-metal.com/en/band/Clitogusano_Espermatide",
   "cita": "Style Porno Gore Grind Status Active Formed In 2007 Country Argentina City Córdoba"}
 ],
 "pais": {"valor": "Argentina", "url": "https://www.spirit-of-metal.com/en/band/Clitogusano_Espermatide", "cita": "Country Argentina"},
 "ciudad": {"valor": "Córdoba", "url": "https://www.spirit-of-metal.com/en/band/Clitogusano_Espermatide", "cita": "City Córdoba"},
 "año_formacion": {"valor": 2007, "url": "https://www.spirit-of-metal.com/en/band/Clitogusano_Espermatide", "cita": "Formed In 2007"},
 "generos": [
  {"genero": "Porno Gore Grind", "url": "https://www.spirit-of-metal.com/en/band/Clitogusano_Espermatide", "cita": "Style Porno Gore Grind"},
  {"genero": "Porno Gore Grind", "url": "https://www.spirit-of-metal.com/en/album/8_Way's_Split_of_Sadistik_Shit/234806", "cita": "Music Style Porno Gore Grind"}
 ],
 "datos_para_biografia": [
  {"dato": "Formación: Clitogusano (voz y todos los instrumentos)", "url": "https://www.spirit-of-metal.com/en/band/Clitogusano_Espermatide", "cita": "Clitogusano Vocals, All instruments"},
  {"dato": "Álbumes propios: Technologic Brutality (2007) y Bombas, Drogas y Anorexia !! (2009)", "url": "https://www.spirit-of-metal.com/en/band/Clitogusano_Espermatide", "cita": "Technologic Brutality Album - 2007 ... Bombas, Drogas y Anorexia !! Album - 2009"},
  {"dato": "Aportó 4 pistas propias al split colectivo de goregrind «8 Way's Split of Sadistik Shit» (2008)", "url": "https://www.spirit-of-metal.com/en/album/8_Way's_Split_of_Sadistik_Shit/234806", "cita": "Bloody Semen 8 Way's Split of Sadistik Shit Released date 2008 Type Split ... CLITOGUSANO ESPERMATIDE"}
 ]
}
