{"identidad_confirmada": true,
 "pruebas_identidad": [
  {"url": "https://suptelatino.blogspot.com/2010/10/thrash-invasion-vol1.html",
   "cita": "Disc 1 ... 5. Toxic Invader - Possessed By Mosh"},
  {"url": "https://www.spirit-of-metal.com/en/album/Virus_Bomb/158400",
   "cita": "Band Name Toxik Invader / Album Name Virus Bomb / Type Demo / Released date October 2009 ... Limited to 10 copies. 1. Possessed By Mosh 1.10 2. Destruyendo Cabezas 2.59 3. Virus Bomb 1.43"},
  {"url": "https://legacy.reverbnation.com/toxikinvader",
   "cita": "Toxic Invader - Destruyendo Cabezas / Duration - 3:47Views - 842Likes - 12"}
 ],
 "pais": {"valor": "Mexico", "url": "https://www.spirit-of-metal.com/en/band/Toxik_Invader", "cita": "Country Mexico"},
 "ciudad": {"valor": "Acapulco", "url": "https://legacy.reverbnation.com/toxikinvader", "cita": "Metal • Acapulco, GRO, MX"},
 "año_formacion": {"valor": 2008, "url": "https://legacy.reverbnation.com/toxikinvader", "cita": "Toxik Invader es una banda de Thrash/Crossover, originaria de Acapulco México formada en agosto del 2008, esta banda esta formada con integrantes de distintas bandas como: Nasty pig dick, Pigto, Nuclear Chaos, Of back to t"},
 "generos": [
  {"genero": "Thrash Metal", "url": "https://www.spirit-of-metal.com/en/band/Toxik_Invader", "cita": "Style Thrash Metal"},
  {"genero": "Thrash/Crossover", "url": "https://legacy.reverbnation.com/toxikinvader", "cita": "Toxik Invader es una banda de Thrash/Crossover, originaria de Acapulco México formada en agosto del 2008"}
 ],
 "datos_para_biografia": [
  {"dato": "Banda formada en agosto de 2008 con integrantes procedentes de otras bandas como Nasty Pig Dick, Pigto y Nuclear Chaos.", "url": "https://legacy.reverbnation.com/toxikinvader", "cita": "Toxik Invader es una banda de Thrash/Crossover, originaria de Acapulco México formada en agosto del 2008, esta banda esta formada con integrantes de distintas bandas como: Nasty pig dick, Pigto, Nuclear Chaos, Of back to t"},
  {"dato": "Su primer demo, 'Virus Bomb' (octubre de 2009, autoproducido, limitado a 10 copias), contiene los temas Possessed By Mosh, Destruyendo Cabezas y Virus Bomb.", "url": "https://www.spirit-of-metal.com/en/album/Virus_Bomb/158400", "cita": "Released date October 2009 / Labels Self-Produced ... Limited to 10 copies. 1. Possessed By Mosh 1.10 2. Destruyendo Cabezas 2.59 3. Virus Bomb 1.43"},
  {"dato": "Alineación: Roy Pako (batería), Pinky (bajo y coros), Bta (voz y guitarra) y Mudo (guitarra y coros).", "url": "https://www.spirit-of-metal.com/en/band/Toxik_Invader", "cita": "Roy Pako Drums / Pinky Bass, Back Vocals / Bta Vocals, Guitar / Mudo Guitar, Back Vocals"}
 ]
}
