{
 "identidad_confirmada": true,
 "pruebas_identidad": [
  {"url":"https://suptelatino.blogspot.com/2010/10/thrash-invasion-vol1.html","cita":"Disc 2 1. Tempestor - Thrash, Mosh , Beer"},
  {"url":"https://www.youtube.com/watch?v=wcii9_-k-BQ","cita":"Tempestor es una banda de Thrash Metal de la ciudad de Campana, este tema es de su demo Aniquilacion Total editado en 2009"},
  {"url":"https://web.archive.org/web/20240908004943/https://www.metal-archives.com/bands/Tempestor/3540281548","cita":"Country of origin: Argentina"},
  {"url":"https://web.archive.org/web/20240908004943/https://www.metal-archives.com/bands/Tempestor/3540281548","cita":"Genre: Thrash Metal"},
  {"url":"https://musicbrainz.org/artist/c7deaaab-907e-488f-a2d4-de29d6281651","cita":"Area: Argentina"}
 ],
 "pais": {"valor":"Argentina","url":"https://web.archive.org/web/20240908004943/https://www.metal-archives.com/bands/Tempestor/3540281548","cita":"Country of origin: Argentina"},
 "ciudad": {"valor":"Campana","url":"https://web.archive.org/web/20240908004943/https://www.metal-archives.com/bands/Tempestor/3540281548","cita":"Location: Campana, Buenos Aires"},
 "año_formacion": {"valor":2007,"url":"https://web.archive.org/web/20240908004943/https://www.metal-archives.com/bands/Tempestor/3540281548","cita":"Formed in: 2007"},
 "generos": [
  {"genero":"Thrash Metal","url":"https://web.archive.org/web/20240908004943/https://www.metal-archives.com/bands/Tempestor/3540281548","cita":"Genre: Thrash Metal"},
  {"genero":"Thrash Metal","url":"https://calaverassueltas.wixsite.com/calaverassueltas/tempestor","cita":"Banda de Thrash Metal originaria de Campana, Pcia de Buenos Aires"}
 ],
 "datos_para_biografia": [
  {"dato":"Debut en vivo: julio de 2008 en Campana","url":"https://calaverassueltas.wixsite.com/calaverassueltas/tempestor","cita":"la banda sale a las calles dando su presentación debut en Julio del 2008, en la ciudad de Campana"},
  {"dato":"Sello actual: Pulmonar Recordables","url":"https://web.archive.org/web/20240908004943/https://www.metal-archives.com/bands/Tempestor/3540281548","cita":"Current label: Pulmonar Recordables"},
  {"dato":"Temas recurrentes: Death, Metal, Destruction","url":"https://web.archive.org/web/20240908004943/https://www.metal-archives.com/bands/Tempestor/3540281548","cita":"Themes: Death, Metal, Destruction"}
 ]
}
