Identidad confirmada. El disco delata a una sola banda: "Slaughtered" (CHL), thrash metal, cuyo EP de 2008 incluye justamente el tema «Chilean Horror Homicide».

{"identidad_confirmada": true,
 "pruebas_identidad": [
  {"url":"https://web.archive.org/web/20140323091714/https://myspace.com/slaughteredchile","cita":"01 Chilean Horror Homicide   DxTxF"},
  {"url":"https://web.archive.org/web/20090213192002/http://www.myspace.com/slaughteredchile","cita":"DEATH TO FLAITES + CHILEAN HORROR HOMICIDE VIVO USACH"},
  {"url":"https://www.youtube.com/watch?v=Y0zAc72qiyQ","cita":"SLAUGHTERED - DxTxF \nEP, Independent, 2008\nSantiago.\n\n1.  DxTxF (Death to Flaites) \n2. Chilean Horror Homicide\n\nDisclaimer:\nAll rights belongs to SLAUGHTERED (Chl)."},
  {"url":"https://www.spirit-of-metal.com/en/album/D.T.F/125472","cita":"1. DxTxF (Death to Flaite)\t05:01\n\n2. Chilean Horror Homicide\t05:02"}
 ],
 "pais": {"valor":"Chile","url":"https://web.archive.org/web/20090213192002/http://www.myspace.com/slaughteredchile","cita":"Metropolitana de Santiago\nChile"},
 "ciudad": {"valor":"Santiago","url":"https://web.archive.org/web/20090213192002/http://www.myspace.com/slaughteredchile","cita":"Metropolitana de Santiago"},
 "año_formacion": {"valor":2007,"url":"https://www.spirit-of-metal.com/en/band/Slaughtered","cita":"Formed In 2007"},
 "generos": [
  {"genero":"Thrash Metal","url":"https://www.spirit-of-metal.com/en/band/Slaughtered","cita":"Style\nThrash Metal"},
  {"genero":"Thrash","url":"https://www.youtube.com/watch?v=vIaqGAkLhrM","cita":"Banda Thrash de santiago tienen un Ep acen un buen thrash metal clasico a la vena es una banda joven que promete mucho."}
 ],
 "datos_para_biografia": [
  {"dato":"EP 'D.T.F' (escrito también 'DxTxF'), autoeditado en 2008; contiene los temas 'DxTxF (Death to Flaite)' y 'Chilean Horror Homicide'","url":"https://www.spirit-of-metal.com/en/album/D.T.F/125472","cita":"1. DxTxF (Death to Flaite)\t05:01\n\n2. Chilean Horror Homicide\t05:02"},
  {"dato":"Integrantes: Phillippe Dubo (voz), Gabriel Muñoz (batería), Diego Oso (guitarra), Diego Keso (bajo)","url":"https://www.spirit-of-metal.com/en/band/Slaughtered","cita":"Phillippe Dubo Vocals Gabriel Muñoz Drums Diego Oso Guitar Diego Keso Bass"},
  {"dato":"Influencias declaradas: Pantera, Sepultura, Exodus, Slayer, DRI, Superjoint Ritual; sello independiente","url":"https://web.archive.org/web/20090213192002/http://www.myspace.com/slaughteredchile","cita":"Influences\nPantera, Sepultura, exodus, slayer, DRI, Superjoint Ritual...\nRecord Label\nINDEPENDENT"}
 ]}
