{
  "identidad_confirmada": true,
  "pruebas_identidad": [
    {"url": "https://www.youtube.com/watch?v=B8gCHP9Wes8", "cita": "Skull Krusher - Opresión Mental (Colombia)"},
    {"url": "https://www.youtube.com/watch?v=LFDS8eSjVfg", "cita": "09 01:15:55 Skull Krusher - Opresión Mental (Colombia)"},
    {"url": "https://web.archive.org/web/20240810102339id_/https://www.metal-archives.com/bands/Skull_Krusher/3540351776", "cita": "Skull Krusher ... Country of origin: Colombia ... Genre: Thrash Metal"}
  ],
  "pais": {"valor": "Colombia", "url": "https://web.archive.org/web/20240810102339id_/https://www.metal-archives.com/bands/Skull_Krusher/3540351776", "cita": "Country of origin:\nColombia"},
  "ciudad": {"valor": "Tunja, Boyaca", "url": "https://web.archive.org/web/20240810102339id_/https://www.metal-archives.com/bands/Skull_Krusher/3540351776", "cita": "Location:\nTunja, Boyaca"},
  "año_formacion": {"valor": 2007, "url": "https://web.archive.org/web/20240810102339id_/https://www.metal-archives.com/bands/Skull_Krusher/3540351776", "cita": "Formed in:\n2007"},
  "generos": [
    {"genero": "Thrash Metal", "url": "https://web.archive.org/web/20240810102339id_/https://www.metal-archives.com/bands/Skull_Krusher/3540351776", "cita": "Genre:\nThrash Metal"},
    {"genero": "Thrash Metal", "url": "https://www.youtube.com/watch?v=B8gCHP9Wes8", "cita": "skull krusher - opresión mental \nthrash metal"}
  ],
  "datos_para_biografia": [
    {"dato": "Temática lírica: sociedad, ciencia ficción, humanidad y guerra.", "url": "https://web.archive.org/web/20240810102339id_/https://www.metal-archives.com/bands/Skull_Krusher/3540351776", "cita": "Themes:\nSociety, Science fiction, Humanity, War"},
    {"dato": "Incluida en el compilado 'Latinoamerica Thrashing The World' con la pista 'Opresión Mental'.", "url": "https://www.youtube.com/watch?v=LFDS8eSjVfg", "cita": "09 01:15:55 Skull Krusher - Opresión Mental (Colombia)"},
    {"dato": "No debe confundirse con 'Skullcrusher' de Medellín, Colombia.", "url": "https://web.archive.org/web/20240810102339id_/https://www.metal-archives.com/bands/Skull_Krusher/3540351776", "cita": "Not to be confused with Skullcrusher from Medellín-Colombia."}
  ]
}
