{"identidad_confirmada": true,
 "pruebas_identidad": [
   {"url":"https://www.youtube.com/watch?v=GUqAfJtmdaw","cita":"Provided to YouTube by ONErpm\n\nVida Ambigua, Luz Obscuridad... · Black Hate · Ikanunna BG"},
   {"url":"https://musicbrainz.org/artist/825e38f5-4964-47a1-9774-5e931deb43ae","cita":"Black Hate (Mexican black/death metal)"},
   {"url":"https://www.youtube.com/channel/UC2lLEkQ6PnlwkUBe8g0J5iA","cita":"9 canciones\nAltalith\nBlack Hate\n25 sept 2025"}
 ],
 "pais": {"valor":"Mexico","url":"https://musicbrainz.org/artist/825e38f5-4964-47a1-9774-5e931deb43ae","cita":"Area: Mexico"},
 "ciudad": {"valor":"Ciudad de México","url":"https://musicbrainz.org/artist/825e38f5-4964-47a1-9774-5e931deb43ae","cita":"Founded in: Ciudad de México (Mexico City), Mexico"},
 "año_formacion": {"valor":2007,"url":"https://musicbrainz.org/artist/825e38f5-4964-47a1-9774-5e931deb43ae","cita":"Founded: 2007 (19 years ago)"},
 "generos": [
   {"genero":"black metal","url":"https://musicbrainz.org/artist/825e38f5-4964-47a1-9774-5e931deb43ae","cita":"black metal"},
   {"genero":"blackened death metal","url":"https://musicbrainz.org/artist/825e38f5-4964-47a1-9774-5e931deb43ae","cita":"blackened death metal"},
   {"genero":"death metal","url":"https://musicbrainz.org/artist/825e38f5-4964-47a1-9774-5e931deb43ae","cita":"death metal"}
 ],
 "datos_para_biografia": [
   {"dato":"Banda mexicana de black/death metal fundada en 2007 en Ciudad de México.","url":"https://musicbrainz.org/artist/825e38f5-4964-47a1-9774-5e931deb43ae","cita":"Founded in: Ciudad de México (Mexico City), Mexico"},
   {"dato":"Su tema «Vida Ambigua, Luz Obscuridad...» pertenece al disco «Oppressive Tunes» (2010), la pista que coincide con la compilación.","url":"https://www.youtube.com/watch?v=GUqAfJtmdaw","cita":"Vida Ambigua, Luz Obscuridad... · Black Hate · Ikanunna BG\nOppressive Tunes"},
   {"dato":"Discografía extensa (Los tres mundos, 2012; Through the Darkness, 2016; Altalith, 2020; Vía Purgativa, 2024) con enlaces oficiales a Bandcamp, Facebook (BH333), Discogs y Metal Archives.","url":"https://musicbrainz.org/artist/825e38f5-4964-47a1-9774-5e931deb43ae","cita":"Los tres mundos"}
 ]
}
