Investigación completada. Páginas abiertas como fuentes: video de Gravis Records (YouTube), video de Erik Salinas (YouTube), y las fichas de Metal Archives vía Wayback Machine (la de Rumanía era homónima; la mexicana es la correcta).

{
  "identidad_confirmada": true,
  "pruebas_identidad": [
    {
      "url": "https://web.archive.org/web/20121030235255/http://www.metal-archives.com/bands/Saga/79693",
      "cita": "The Band also recorded Kraken's \"Déjame\" for the compilation \"Kraken Tributo Internacional\"."
    },
    {
      "url": "https://www.youtube.com/watch?v=xTlrf8B5Tig",
      "cita": "Déjame fue el tema que interpreto el grupo mexicano Saga en el disco Tributo Internacional Kraken."
    },
    {
      "url": "https://www.youtube.com/watch?v=O5ZuURa0Mu0",
      "cita": "la canta SAGA un grupo mexicano, que realmente no es de los mas populares pero su musica me gusto mucho"
    }
  ],
  "pais": {
    "valor": "Mexico",
    "url": "https://web.archive.org/web/20121030235255/http://www.metal-archives.com/bands/Saga/79693",
    "cita": "Country of origin: Mexico"
  },
  "ciudad": {
    "valor": "Izcalli, Estado de México/DF",
    "url": "https://web.archive.org/web/20121030235255/http://www.metal-archives.com/bands/Saga/79693",
    "cita": "Location: Izcalli, Estado de México/DF"
  },
  "año_formacion": {
    "valor": 2006,
    "url": "https://web.archive.org/web/20121030235255/http://www.metal-archives.com/bands/Saga/79693",
    "cita": "Active since: 2006"
  },
  "generos": [
    {
      "genero": "Progressive Metal",
      "url": "https://web.archive.org/web/20121030235255/http://www.metal-archives.com/bands/Saga/79693",
      "cita": "Genre: Progressive Metal"
    }
  ],
  "datos_para_biografia": [
    {
      "dato": "Grabó el tema «Déjame» de Kraken para el recopilatorio «Kraken Tributo Internacional»",
      "url": "https://web.archive.org/web/20121030235255/http://www.metal-archives.com/bands/Saga/79693",
      "cita": "The Band also recorded Kraken's \"Déjame\" for the compilation \"Kraken Tributo Internacional\"."
    },
    {
      "dato": "Su vocalista Mike González ha sido vocalista de AIAM y Erogena, y actualmente de Luzbel (formación de Raúl Greñas)",
      "url": "https://www.youtube.com/watch?v=xTlrf8B5Tig",
      "cita": "Mike Gonzalez ha sido vocalista de AIAM, Erogena y actualmente de Luzbel (formación de Raúl Greñas)"
    },
    {
      "dato": "Editaron el full-length «El Camino a Titán» (2006) y su sello es Gravis Records",
      "url": "https://web.archive.org/web/20121030235255/http://www.metal-archives.com/bands/Saga/79693",
      "cita": "El Camino a Titán ... Full-length ... 2006 ... Current label: Gravis Records"
    }
  ]
}
