{"identidad_confirmada": true,
 "pruebas_identidad": [
  {"url": "https://loscharlysorchestra.bandcamp.com/album/chicano-disco-funk-3", "cita": "de Los Charly's Orchestra ... Tanto Soul (Re Edit) 04:04"},
  {"url": "https://loscharlysorchestra.bandcamp.com/album/chicano-disco-funk-3", "cita": "Combining their usual psychedelic Jazz-Funk grooves with their fully powered Disco tunes and the friendliness of their Latin Southern Soul"},
  {"url": "https://loscharlysmusic.com/about/", "cita": "Los Charly’s Orchestra is a London based music project created and directed by Venezuelan producers Juan Laya & Jorge Montiel."},
  {"url": "https://musicbrainz.org/artist/1d45376e-3bd4-484d-88f6-f1dd4b8b4c48", "cita": "Los Charly’s Orchestra — Group — Chicano Disco Funk"}
 ],
 "pais": {"valor": "Venezuela", "url": "https://loscharlysmusic.com/about/", "cita": "created and directed by Venezuelan producers Juan Laya & Jorge Montiel"},
 "ciudad": {"valor": "London", "url": "https://loscharlysmusic.com/about/", "cita": "Los Charly’s Orchestra is a London based music project"},
 "año_formacion": null,
 "generos": [
  {"genero": "Boogie-Disco", "url": "https://loscharlysmusic.com/about/", "cita": "blends the Boogie-Disco sound of the 70’s with a seriously Latin perspective"},
  {"genero": "Latin", "url": "https://loscharlysmusic.com/about/", "cita": "with a seriously Latin perspective"},
  {"genero": "Jazz-Funk / Latin Southern Soul", "url": "https://loscharlysorchestra.bandcamp.com/album/chicano-disco-funk-3", "cita": "Combining their usual psychedelic Jazz-Funk grooves with their fully powered Disco tunes and the friendliness of their Latin Southern Soul"}
 ],
 "datos_para_biografia": [
  {"dato": "Proyecto musical creado y dirigido por los productores venezolanos Juan Laya y Jorge Montiel, radicado en Londres", "url": "https://loscharlysmusic.com/about/", "cita": "Los Charly’s Orchestra is a London based music project created and directed by Venezuelan producers Juan Laya & Jorge Montiel."},
  {"dato": "Ha colaborado con productores como Joey Negro, Jose Padilla (Café del Mar), John Morales, Opolopo, Jose Luis Pardo (Los Amigos Invisibles) y Pete Herbert", "url": "https://loscharlysmusic.com/about/", "cita": "Joey Negro, Jose Padilla (Cafe Del Mar), John Morales, Opolopo, Jose Luis Pardo (from Los Amigos Invisibles) & Pete Herbert."},
  {"dato": "El álbum Chicano Disco Funk (2010, Imagenes Recordings) incluye la pista «Tanto Soul (Re Edit)»", "url": "https://loscharlysorchestra.bandcamp.com/album/chicano-disco-funk-3", "cita": "2010, Imagenes Recordings"}
 ]}
