{"identidad_confirmada": true,
 "pruebas_identidad": [
  {"url": "https://www.youtube.com/watch?v=PqJdaDy57n0", "cita": "12. DespuésDeVieja & Jean De Oliveira - Resiste 01:03:45"},
  {"url": "https://www.youtube.com/watch?v=PqJdaDy57n0", "cita": "-Jean De Oliveira [from Candy66] (track 12)"},
  {"url": "https://es.wikipedia.org/wiki/Candy_66", "cita": "Jean Carlo De Oliveira Gustavo Morantes José Alejandro Morantes Ray Díaz Let Arteaga"}
 ],
 "pais": {"valor": "Venezuela", "url": "https://es.wikipedia.org/wiki/Candy_66", "cita": "Candy 66 es una banda venezolana de metal alternativo, que se formó en la ciudad de Caracas en el año de 1998."},
 "ciudad": {"valor": "Caracas", "url": "https://es.wikipedia.org/wiki/Candy_66", "cita": "Candy 66 nace el 28 de octubre de 1998. Es la unión de dos proyectos de carácter underground establecidos en la ciudad de Caracas"},
 "año_formacion": {"valor": 1998, "url": "https://es.wikipedia.org/wiki/Candy_66", "cita": "Candy 66 nace el 28 de octubre de 1998."},
 "generos": [
  {"genero": "metal alternativo", "url": "https://es.wikipedia.org/wiki/Candy_66", "cita": "Candy 66 es una banda venezolana de metal alternativo"},
  {"genero": "rock alternativo", "url": "https://es.wikipedia.org/wiki/Candy_66", "cita": "Metal alternativo Rock alternativo Nü metal Hard rock"},
  {"genero": "nü metal", "url": "https://es.wikipedia.org/wiki/Candy_66", "cita": "Metal alternativo Rock alternativo Nü metal Hard rock"},
  {"genero": "hard rock", "url": "https://es.wikipedia.org/wiki/Candy_66", "cita": "Metal alternativo Rock alternativo Nü metal Hard rock"}
 ],
 "datos_para_biografia": [
  {"dato": "Es miembro de la banda venezolana Candy 66; en el proyecto precursor Gas Flatulento tocaba batería y hacía coros", "url": "https://es.wikipedia.org/wiki/Candy_66", "cita": "Gas flatulento, banda de metal industrial conformada por Jean Carlo De Oliveira en la batería y coros"},
  {"dato": "Integró la banda precursora N.u.m.b. (post-grunge) en Caracas", "url": "https://es.wikipedia.org/wiki/Candy_66", "cita": "N.u.m.b., banda de post-grunge conformada por Jean De oliviera junto con Óscar García en la batería y coros, Frank Pulgar en las voces/bajo y José Morantes en la guitarra"},
  {"dato": "En 2010 participó como vocalista invitado en «Resiste» (original de Sentimiento Muerto) junto a DespuésDeVieja, en el disco en vivo del Festival Nuevas Bandas 20 Años", "url": "https://www.youtube.com/watch?v=PqJdaDy57n0", "cita": "-Jean De Oliveira [from Candy66] (track 12)"}
 ]
}
