{"identidad_confirmada": true,
 "pruebas_identidad": [
   {"url": "https://www.youtube.com/watch?v=WPaJrrkbcXU", "cita": "CD2\n01. Ortix - 1985 01:01:23\n02. Hebert Bravo - Singular Space 01:07:39\n03. Luis Patty - Ritmo Caliente 01:11:04"},
   {"url": "https://www.mixcloud.com/hebertbravodj/", "cita": "to share the stage with national DJs like Hector Gamez, Javid Ghersi Marcos Gonzalez, Pablo Estrada, DJ Gabriele, Yorman Perez, Luis Araque, Nelson Esteves and International Leon bolier (NL), Jesselyn (US), David Smith (NL) among others"},
   {"url": "https://soundcloud.com/hebertbravodj", "cita": "DJ/ Producer/Remixers"}
 ],
 "pais": {"valor": "Chile", "url": "https://www.mixcloud.com/hebertbravodj/", "cita": "Santiago, Chile"},
 "ciudad": {"valor": "Santiago", "url": "https://www.mixcloud.com/hebertbravodj/", "cita": "Santiago, Chile"},
 "año_formacion": null,
 "generos": [
   {"genero": "Electronic", "url": "https://www.mixcloud.com/hebertbravodj/", "cita": "His beginnings in electronic music is late 90s with progressive - trance main genre"},
   {"genero": "Progressive / Trance", "url": "https://www.mixcloud.com/hebertbravodj/", "cita": "His beginnings in electronic music is late 90s with progressive - trance main genre"},
   {"genero": "House", "url": "https://www.mixcloud.com/hebertbravodj/", "cita": "their set that are full of energy and full of mergers from house to techno"},
   {"genero": "Techno", "url": "https://soundcloud.com/hebertbravodj", "cita": "# Techno"}
 ],
 "datos_para_biografia": [
   {"dato": "Comenzó en la música electrónica a finales de los 90, con el progressive-trance como género principal.", "url": "https://www.mixcloud.com/hebertbravodj/", "cita": "His beginnings in electronic music is late 90s with progressive - trance main genre"},
   {"dato": "Compartió escenario con los DJs Hector Gamez, Javid Ghersi, Yorman Perez y con artistas internacionales como Leon Bolier (NL), Jesselyn (US) y David Smith (NL).", "url": "https://www.mixcloud.com/hebertbravodj/", "cita": "to share the stage with national DJs like Hector Gamez, Javid Ghersi Marcos Gonzalez, Pablo Estrada, DJ Gabriele, Yorman Perez, Luis Araque, Nelson Esteves and International Leon bolier (NL), Jesselyn (US), David Smith (NL) among others"},
   {"dato": "Es DJ, productor y remixer; enlaces públicos: twitter.com/hebertbravodj, facebook.com/hebertbravo y mixcloud.com/hebertbravodj.", "url": "https://soundcloud.com/hebertbravodj", "cita": "DJ/ Producer/Remixers"}
 ]}
