{
  "identidad_confirmada": true,
  "pruebas_identidad": [
    {"url": "https://www.youtube.com/watch?v=N1qWvGrecRQ", "cita": "01. Analog Circl8 (Daniel Maal) - Riding 00:00"},
    {"url": "https://danimaal.com/music", "cita": "jabalee en la sabana (RMX) Analog Circl8 Vs. Jabalee"},
    {"url": "https://soundcloud.com/danimaal", "cita": "Plastikx Tropical / AnalogCircl8 / Diabolix / Optokinetic Reflex / Fruit Loops / Wang Lu Jam / DM1 / Danimaal / Nebulae"}
  ],
  "pais": {"valor": "United States", "url": "https://soundcloud.com/danimaal", "cita": "Miami Beach, United States"},
  "ciudad": {"valor": "Miami Beach", "url": "https://soundcloud.com/danimaal", "cita": "Miami Beach, United States"},
  "año_formacion": null,
  "generos": [
    {"genero": "Electronic", "url": "https://soundcloud.com/danimaal", "cita": "Alternative Rock, House, Electronic"},
    {"genero": "Chill / Electrónica", "url": "https://www.youtube.com/watch?v=N1qWvGrecRQ", "cita": "Various Artists - Venezuela Electrónica Vol. 3 \"Chill\" (2008) || Full Album ||"}
  ],
  "datos_para_biografia": [
    {"dato": "Es ingeniero de audio y productor musical, y firma como Dani Maal / Daniel Maal.", "url": "https://danimaal.com/", "cita": "DANI MAAL Audio Engineer / Music Producer"},
    {"dato": "Registró la pieza «Riding» bajo el alias Analog Circl8 (Daniel Maal) en el compilado Venezuela Electrónica Vol. 3 «Chill» (2008).", "url": "https://www.youtube.com/watch?v=N1qWvGrecRQ", "cita": "01. Analog Circl8 (Daniel Maal) - Riding 00:00"},
    {"dato": "Usa el alias Analog Circl8 también en remixes propios, como el de «jabalee en la sabana» junto a Jabalee.", "url": "https://danimaal.com/music", "cita": "jabalee en la sabana (RMX) Analog Circl8 Vs. Jabalee"}
  ]
}
