{
  "identidad_confirmada": true,
  "pruebas_identidad": [
    {"url": "https://www.youtube.com/watch?v=N1qWvGrecRQ", "cita": "02. SER+ (Nacho Nuett) - Señales 03:55"},
    {"url": "https://soundcloud.com/nachohuett/nacho-huett-senales-ser-remix", "cita": "NACHO HUETT - Señales (SER+ Remix)"},
    {"url": "https://www.youtube.com/@nachohuett0309/about", "cita": "ACTOR, MÚSICO, COMPOSITOR DE BANDAS SONORAS , PRODUCTOR & Dj Venezolano con más de 30 años de experiencia profesional."}
  ],
  "pais": {"valor": "Venezuela", "url": "https://soundcloud.com/nachohuett", "cita": "Caracas, Bolivarian Republic of Venezuela"},
  "ciudad": {"valor": "Caracas", "url": "https://soundcloud.com/nachohuett", "cita": "Caracas, Bolivarian Republic of Venezuela"},
  "año_formacion": null,
  "generos": [
    {"genero": "Electrónica", "url": "https://www.youtube.com/watch?v=N1qWvGrecRQ", "cita": "Various Artists - Venezuela Electrónica Vol. 3 \"Chill\" (2008) || Full Album ||"},
    {"genero": "Chill", "url": "https://www.youtube.com/watch?v=N1qWvGrecRQ", "cita": "Various Artists - Venezuela Electrónica Vol. 3 \"Chill\" (2008) || Full Album ||"}
  ],
  "datos_para_biografia": [
    {"dato": "Actor, músico, compositor de bandas sonoras y DJ venezolano radicado en Estados Unidos, con más de 35 años de carrera artística.", "url": "https://soundcloud.com/nachohuett", "cita": "Actor, Músico, Compositor de Bandas Sonoras y Dj Venezolano radicado en Estados Unidos, con mas de 35 años de carrera artística."},
    {"dato": "Galardonado con el Premio Municipal de Teatro Venezolano (2003, 2005, 2007) y con el Premio AVENCRIT 2013 a la mejor música original.", "url": "https://soundcloud.com/nachohuett", "cita": "siendo galardonado en los años 2003, 2005 y 2007 con el Premio Municipal de Teatro Venezolano como productor musical. Asi mismo en el 2013 es Galardonado con el Premio AVENCRIT, premio de la critica Venezolana de teatro como mejor música original."},
    {"dato": "Egresado del SAE Institute Madrid, donde cursó Electronic Music Production.", "url": "https://soundcloud.com/nachohuett", "cita": "Es egresado del SAE INSTITUTE MADRID, instituto de música profesional reconocido a nivel mundial, donde realiza el Electronic Music Production, curso especializado en el manejo de tecnología para la producción musical."}
  ]
}
