{"identidad_confirmada": true,
 "pruebas_identidad": [
   {"url":"https://musicbrainz.org/release/818661a9-d474-4577-92f7-cf715124000c","cita":"Dominate ... Zardonic, Omar Santana and Evan Gamble Lewis"},
   {"url":"https://musicbrainz.org/artist/8b165256-c588-4fc7-a642-93747f7acd50","cita":"2011  Dub Step Dubterranean  Omar Santana & Evan Gamble Lewis"},
   {"url":"https://fr.wikipedia.org/wiki/Omar_Santana","cita":"Omar Santana est un producteur et disc jockey de musique électronique américain."}
 ],
 "pais": {"valor":"Estados Unidos","url":"https://fr.wikipedia.org/wiki/Omar_Santana","cita":"Naissance : Queens, New York, États-Unis"},
 "ciudad": {"valor":"Queens","url":"https://fr.wikipedia.org/wiki/Omar_Santana","cita":"Omar Santana est originaire du Queens, à New York."},
 "año_formacion": null,
 "generos": [
   {"genero":"breakbeat","url":"https://fr.wikipedia.org/wiki/Omar_Santana","cita":"Breakbeat, hip-hop, techno, techno hardcore, gabber"},
   {"genero":"techno hardcore","url":"https://fr.wikipedia.org/wiki/Omar_Santana","cita":"Breakbeat, hip-hop, techno, techno hardcore, gabber"},
   {"genero":"gabber","url":"https://fr.wikipedia.org/wiki/Omar_Santana","cita":"Breakbeat, hip-hop, techno, techno hardcore, gabber"},
   {"genero":"dubstep","url":"https://musicbrainz.org/artist/8b165256-c588-4fc7-a642-93747f7acd50","cita":"breakbeat, dubstep, hardcore breaks, hardcore techno"}
 ],
 "datos_para_biografia": [
   {"dato":"Productor y DJ de música electrónica estadounidense","url":"https://fr.wikipedia.org/wiki/Omar_Santana","cita":"Omar Santana est un producteur et disc jockey de musique électronique américain."},
   {"dato":"Fundó los sellos H2OH Recordings y Tricked Out Recordings","url":"https://fr.wikipedia.org/wiki/Omar_Santana","cita":"Il fonde par la suite deux labels discographiques spécialisés dans la musique plus «hard» incluant H2OH Recordings et Tricked Out Recordings."},
   {"dato":"Colaborador habitual de Evan Gamble Lewis","url":"https://musicbrainz.org/artist/8b165256-c588-4fc7-a642-93747f7acd50","cita":"Omar Santana & Evan Gamble Lewis"}
 ]
}
