{"identidad_confirmada": true,
 "pruebas_identidad": [
  {"url":"https://musicbrainz.org/release/818661a9-d474-4577-92f7-cf715124000c","cita":"8 Destroy Zardonic and Receptor 4:32"},
  {"url":"https://musicbrainz.org/artist/f62394c1-6feb-48bc-8dc8-5ec94b973f9e","cita":"Receptor (Russian drum & bass producer)"},
  {"url":"https://soundcloud.com/receptormusic","cita":"From the moment Mitya Veshchunov first began pouring over his brother’s jungle record collection, the man who’d soon become Receptor was hooked on the genre."}
 ],
 "pais": {"valor":"Russia","url":"https://soundcloud.com/receptormusic","cita":"Moscow, Russian Federation"},
 "ciudad": {"valor":"Moscow","url":"https://soundcloud.com/receptormusic","cita":"Moscow, Russian Federation"},
 "año_formacion": null,
 "generos": [
  {"genero":"drum & bass","url":"https://soundcloud.com/receptormusic","cita":"a central hub for drum & bass both in Russia and on the global stage"},
  {"genero":"jungle","url":"https://soundcloud.com/receptormusic","cita":"his brother’s jungle record collection"},
  {"genero":"neurofunk","url":"https://musicbrainz.org/artist/f62394c1-6feb-48bc-8dc8-5ec94b973f9e","cita":"neurofunk"}
 ],
 "datos_para_biografia": [
  {"dato":"Nombre legal: Dmitry Veschunov (Дмитрий Вещунов)","url":"https://musicbrainz.org/artist/f62394c1-6feb-48bc-8dc8-5ec94b973f9e","cita":"Legal name: Dmitry Veschunov, Дмитрий Вещунов"},
  {"dato":"Su padre le regaló un sintetizador Yamaha PSR-740 a los diez años","url":"https://soundcloud.com/receptormusic","cita":"At the age of ten, Receptor was gifted a Yamaha PSR-740 synthesiser by his father, due to his son’s growing interest in music."},
  {"dato":"Lidera el sello Evolution Chamber junto a Task Horizon y Magnetude","url":"https://soundcloud.com/receptormusic","cita":"an imprint he’s leading alongside Task Horizon and Magnetude"}
 ]
}
